adb shell getprop
[DEVICE_PROVISIONED]: [1]
[af.fast_track_multiplier]: [1]
[audio.deep_buffer.media]: [true]
[audio.offload.buffer.size.kb]: [32]
[audio.offload.gapless.enabled]: [true]
[audio.offload.min.duration.secs]: [30]
[audio.offload.video]: [true]
[av.offload.enable]: [true]
[bt.max.hfpclient.connections]: [1]
[cache.trigger]: [1]
[camera.aux.packagelist]: [org.codeaurora.snapcam,com.android.camera,com.lctautotest.camera,com.android.lightboxtest]
[camera.disable_zsl_mode]: [1]
[config.disable_rtt]: [true]
[dalvik.vm.appimageformat]: [lz4]
[dalvik.vm.bg-dex2oat-threads]: [4]
[dalvik.vm.boot-dex2oat-threads]: [6]
[dalvik.vm.dex2oat-Xms]: [64m]
[dalvik.vm.dex2oat-Xmx]: [512m]
[dalvik.vm.dex2oat-max-image-block-size]: [524288]
[dalvik.vm.dex2oat-minidebuginfo]: [true]
[dalvik.vm.dex2oat-resolve-startup-strings]: [true]
[dalvik.vm.dex2oat-threads]: [4]
[dalvik.vm.dexopt.secondary]: [true]
[dalvik.vm.heapgrowthlimit]: [256m]
[dalvik.vm.heapmaxfree]: [8m]
[dalvik.vm.heapminfree]: [512k]
[dalvik.vm.heapsize]: [512m]
[dalvik.vm.heapstartsize]: [8m]
[dalvik.vm.heaptargetutilization]: [0.75]
[dalvik.vm.image-dex2oat-Xms]: [64m]
[dalvik.vm.image-dex2oat-Xmx]: [64m]
[dalvik.vm.isa.arm.features]: [default]
[dalvik.vm.isa.arm.variant]: [cortex-a9]
[dalvik.vm.isa.arm64.features]: [default]
[dalvik.vm.isa.arm64.variant]: [generic]
[dalvik.vm.minidebuginfo]: [true]
[dalvik.vm.usejit]: [true]
[dalvik.vm.usejitprofiles]: [true]
[debug.atrace.tags.enableflags]: [0]
[debug.egl.hw]: [0]
[debug.force_rtl]: [false]
[debug.mdpcomp.logs]: [0]
[debug.power.monitor_tools]: [true]
[debug.sf.disable_backpressure]: [1]
[debug.sf.enable_hwc_vds]: [1]
[debug.sf.hw]: [0]
[debug.sf.latch_unsignaled]: [1]
[debug.stagefright.ccodec]: [1]
[debug.stagefright.omx_default_rank]: [0]
[debug.stagefright.omx_default_rank.sw-audio]: [1]
[dev.bootcomplete]: [1]
[dev.pm.dyn_samplingrate]: [1]
[drm.service.enabled]: [true]
[events.cpu]: [true]
[gsm.apn.sim.operator.numeric]: []
[gsm.current.phone-type]: [1,1]
[gsm.network.type]: [Unknown,Unknown]
[gsm.operator.alpha]: [,BSNL MOBILE]
[gsm.operator.iso-country]: [,in]
[gsm.operator.isroaming]: [false,false]
[gsm.operator.numeric]: [,40473]
[gsm.operator.orig.alpha]: [,BSNL MOBILE]
[gsm.sim.operator.alpha]: [,BSNL MOBILE]
[gsm.sim.operator.iso-country]: [,in]
[gsm.sim.operator.numeric]: [,40473]
[gsm.sim.operator.orig.alpha]: [,BSNL MOBILE]
[gsm.sim.state]: [ABSENT,LOADED]
[gsm.version.baseband]: [MPSS.AT.4.3.c2-00029-SM6150_GEN_PACK-1.352094.1.355031.2]
[gsm.version.ril-impl]: [Qualcomm RIL 1.0]
[hwservicemanager.ready]: [true]
[init.svc.adbd]: [running]
[init.svc.alarm-hal-1-0]: [running]
[init.svc.apexd]: [running]
[init.svc.apexd-bootstrap]: [stopped]
[init.svc.ashmemd]: [running]
[init.svc.audioserver]: [running]
[init.svc.bootanim]: [stopped]
[init.svc.bpfloader]: [stopped]
[init.svc.cameraserver]: [running]
[init.svc.charge_logger]: [running]
[init.svc.checknv]: [stopped]
[init.svc.chre]: [stopped]
[init.svc.cnss-daemon]: [running]
[init.svc.crashdata-sh]: [stopped]
[init.svc.cryptfshw-1-0]: [running]
[init.svc.cvphalservice]: [running]
[init.svc.display-color-hal-1-0]: [running]
[init.svc.dpmQmiMgr]: [running]
[init.svc.dpmd]: [running]
[init.svc.drm]: [running]
[init.svc.fdpp]: [running]
[init.svc.flash_recovery]: [stopped]
[init.svc.gatekeeper-1-0]: [running]
[init.svc.gatekeeperd]: [running]
[init.svc.gnss_service]: [running]
[init.svc.gpu]: [running]
[init.svc.gsid]: [stopped]
[init.svc.health-hal-2-0]: [running]
[init.svc.hidl_memory]: [running]
[init.svc.hostapd]: [stopped]
[init.svc.hostapd_fst]: [stopped]
[init.svc.hwservicemanager]: [running]
[init.svc.idmap2d]: [running]
[init.svc.incidentd]: [running]
[init.svc.installd]: [running]
[init.svc.iop-hal-2-0]: [running]
[init.svc.iorapd]: [stopped]
[init.svc.irsc_util]: [stopped]
[init.svc.keymaster-4-0]: [running]
[init.svc.keystore]: [running]
[init.svc.lmkd]: [running]
[init.svc.loc_launcher]: [running]
[init.svc.logd]: [running]
[init.svc.logd-auditctl]: [stopped]
[init.svc.logd-reinit]: [stopped]
[init.svc.mcd_init]: [stopped]
[init.svc.mcd_service]: [running]
[init.svc.mdnsd]: [running]
[init.svc.media]: [running]
[init.svc.media.swcodec]: [running]
[init.svc.mediadrm]: [running]
[init.svc.mediaextractor]: [running]
[init.svc.mediametrics]: [running]
[init.svc.miui-early-boot]: [stopped]
[init.svc.miuibooster]: [running]
[init.svc.mlid]: [running]
[init.svc.mqsasd]: [running]
[init.svc.netd]: [running]
[init.svc.neuralnetworks_hal_service]: [running]
[init.svc.objectTracker]: [running]
[init.svc.panorama]: [running]
[init.svc.perf-hal-2-0]: [running]
[init.svc.qadaemon]: [running]
[init.svc.qcom-c_core-sh]: [stopped]
[init.svc.qcom-c_main-sh]: [stopped]
[init.svc.qcom-post-boot]: [stopped]
[init.svc.qcom-sh]: [stopped]
[init.svc.qdutils_disp-1-0]: [running]
[init.svc.qseecom-service]: [running]
[init.svc.qteeconnector-hal-1-0]: [running]
[init.svc.qti-testscripts]: [stopped]
[init.svc.qti_esepowermanager_service]: [running]
[init.svc.qvrd]: [running]
[init.svc.sensorscal-hal-1-0]: [running]
[init.svc.servicemanager]: [running]
[init.svc.setlockstate]: [stopped]
[init.svc.shelld]: [running]
[init.svc.soter-1-0]: [running]
[init.svc.statsd]: [running]
[init.svc.storaged]: [running]
[init.svc.surfaceflinger]: [running]
[init.svc.sviswitch]: [stopped]
[init.svc.system_perf_init]: [stopped]
[init.svc.system_suspend]: [running]
[init.svc.thermal-engine]: [running]
[init.svc.time_daemon]: [running]
[init.svc.tombstoned]: [running]
[init.svc.touchfeature-hal-1-0]: [running]
[init.svc.tui_comm-1-0]: [running]
[init.svc.ueventd]: [running]
[init.svc.usbd]: [stopped]
[init.svc.vendor-sensor-sh]: [stopped]
[init.svc.vndservicemanager]: [running]
[init.svc.vold]: [running]
[init.svc.wait_for_keymaster]: [stopped]
[init.svc.wfdhdcphalservice]: [running]
[init.svc.wfdvndservice]: [running]
[init.svc.wificond]: [running]
[init.svc.wifidisplayhalservice]: [running]
[init.svc.wpa_supplicant]: [running]
[init.svc.zygote]: [running]
[init.svc.zygote_secondary]: [running]
[keyguard.no_require_sim]: [true]
[log.tag.APM_AudioPolicyManager]: [D]
[log.tag.stats_log]: [I]
[mcd.extra.params]: []
[media.aac_51_output_enabled]: [true]
[media.settings.xml]: [/vendor/etc/media_profiles_vendor.xml]
[media.stagefright.enable-aac]: [true]
[media.stagefright.enable-fma2dp]: [true]
[media.stagefright.enable-http]: [true]
[media.stagefright.enable-player]: [true]
[media.stagefright.enable-qcp]: [true]
[media.stagefright.enable-scan]: [true]
[miui.usb.dialog]: [1]
[mm.enable.smoothstreaming]: [true]
[mmp.enable.3g2]: [true]
[net.bt.name]: [Android]
[net.hostname]: [RedmiNote7Pro-RedmiN]
[net.qtaguid_enabled]: [1]
[net.tcp.2g_init_rwnd]: [10]
[net.tcp.default_init_rwnd]: [60]
[odm.svi.enable]: [on]
[persist.audio.button_jack.profile]: [volume]
[persist.audio.button_jack.switch]: [0]
[persist.audio.fluence.speaker]: [true]
[persist.audio.fluence.voicecall]: [true]
[persist.audio.fluence.voicerec]: [false]
[persist.bg.dexopt.enable]: [true]
[persist.cne.feature]: [1]
[persist.dalvik.vm.dex2oat-threads]: [4]
[persist.data.df.dev_name]: [rmnet_usb0]
[persist.debug.coresight.config]: [stm-events]
[persist.debug.wfd.enable]: [1]
[persist.dirac.acs.controller]: [gef]
[persist.dirac.acs.ignore_error]: [1]
[persist.dirac.acs.storeSettings]: [1]
[persist.dirac.gef.ext.did]: [0xA,0x2D]
[persist.dirac.gef.ext.mid]: [0x10012DE1]
[persist.dirac.gef.int.did]: [0xF]
[persist.dirac.gef.int.mid]: [0x10012DE0]
[persist.dpm.feature]: [1]
[persist.enable_task_snapshots]: [false]
[persist.fuse_sdcard]: [true]
[persist.logd.size.crash]: [1M]
[persist.logd.size.radio]: [4M]
[persist.logd.size.system]: [4M]
[persist.miui.density_v2]: [440]
[persist.mm.enable.prefetch]: [true]
[persist.power.useautobrightadj]: [true]
[persist.radio.apm_sim_not_pwdn]: [1]
[persist.radio.atfwd.start]: [false]
[persist.radio.default.data]: [1]
[persist.radio.default.voice]: [-1]
[persist.radio.imei1]: [864130043474865]
[persist.radio.multisim.config]: [dsds]
[persist.rild.nitz_long_ons_0]: []
[persist.rild.nitz_long_ons_1]: []
[persist.rild.nitz_long_ons_2]: []
[persist.rild.nitz_long_ons_3]: []
[persist.rild.nitz_plmn]: []
[persist.rild.nitz_short_ons_0]: []
[persist.rild.nitz_short_ons_1]: []
[persist.rild.nitz_short_ons_2]: []
[persist.rild.nitz_short_ons_3]: []
[persist.security.adbinput]: [1]
[persist.sys.ai_preload_cloud]: [0]
[persist.sys.boot.reason]: []
[persist.sys.boot.reason.history]: [bootloader,216
bootloader,46
kernel_panic,fatal_exception,338
recovery,23]
[persist.sys.dalvik.vm.lib.2]: [libart.so]
[persist.sys.device_name]: [Redmi Note 7 Pro]
[persist.sys.device_provisioned]: [1]
[persist.sys.df.extcolor.proc]: [0]
[persist.sys.display_cabc]: [1]
[persist.sys.display_ce]: [4]
[persist.sys.display_prefer]: [2]
[persist.sys.displayinset.top]: [0]
[persist.sys.emmc]: [000000]
[persist.sys.enable_inputopts]: [true]
[persist.sys.enable_ioprefetch]: [false]
[persist.sys.enable_miui_booster]: [1]
[persist.sys.enable_pinfile]: [true]
[persist.sys.fp.info]: [0x00000131030203ff]
[persist.sys.fp.module]: [Lens]
[persist.sys.fp.uid]: [0x53314101271e1497]
[persist.sys.gc_booster.cloud]: [0]
[persist.sys.gps.lpp]: [0]
[persist.sys.hardcoder.name]: [miui_booster]
[persist.sys.isolated_storage]: [true]
[persist.sys.locale]: [en-IN]
[persist.sys.mcd_config_file]: [/system/etc/mcd_default.conf]
[persist.sys.memctrl]: [on]
[persist.sys.mibridge_auth_uids]: []
[persist.sys.miconnect.running]: [1]
[persist.sys.mispeed_auth_uids]: []
[persist.sys.mitalk.enable]: [true]
[persist.sys.miui_animator_sched.bigcores]: [6-7]
[persist.sys.miui_animator_sched.sched_threads]: [2]
[persist.sys.miuibooster.name]: [miui_booster]
[persist.sys.notification_rank]: [0]
[persist.sys.notification_ver]: [2]
[persist.sys.opt_accessibility]: [false]
[persist.sys.periodic.enable]: [true]
[persist.sys.released]: [true]
[persist.sys.sf.color_saturation]: [1.0]
[persist.sys.sf.native_mode]: [0]
[persist.sys.shutdown_state]: [2]
[persist.sys.smartcover_mode]: [0]
[persist.sys.support_detect_fc]: [false]
[persist.sys.support_fakecell]: [false]
[persist.sys.task_isolation]: [true]
[persist.sys.timezone]: [Asia/Kolkata]
[persist.sys.usb.config]: [adb]
[persist.sys.usb.ffbm-02.func]: [adb]
[persist.sys.watchdog_enhanced]: [true]
[persist.sys.wfd.virtual]: [0]
[persist.timed.enable]: [true]
[persist.vendor.camera.boost.en]: [1]
[persist.vendor.camera.feature.remosaic]: [FALSE]
[persist.vendor.camera.frontMain.fuseID]: [0000000500170004000b0000000400060003001f00010019000a005500380001]
[persist.vendor.camera.hfr.en]: [0]
[persist.vendor.camera.rearMain.fuseID]: [00000001006800310002002300320066005800b0008a]
[persist.vendor.dpm.tcm]: [2]
[persist.vendor.sys.fp.vendor]: [fpc]
[persist.vendor.sys.pay.fido]: [0058#0000]
[persist.vendor.sys.pay.ifaa]: [1]
[persist.vendor.sys.provision.status]: [true]
[persist.vm.stackdump.threshold]: [0]
[pm.dexopt.ab-ota]: [speed-profile]
[pm.dexopt.bg-dexopt]: [speed-profile]
[pm.dexopt.boot]: [verify]
[pm.dexopt.first-boot]: [quicken]
[pm.dexopt.inactive]: [verify]
[pm.dexopt.install]: [speed-profile]
[pm.dexopt.is_upgrade]: [false]
[pm.dexopt.shared]: [speed]
[qcom.hw.aac.encoder]: [true]
[qemu.hw.mainkeys]: [0]
[radio.dataroaming.enable.suffix.subid]: [true]
[ril.ecclist]: [911,*911,112,#911]
[ril.ecclist1]: [911,*911,112,#911]
[ril.limit_service_mnc]: [GSM_404]
[ril.subscription.types]: [NV,RUIM]
[rild.libpath]: [/vendor/lib64/libril-qc-hal-qmi.so]
[ro.actionable_compatible_property.enabled]: [true]
[ro.adb.secure]: [1]
[ro.af.client_heap_size_kbyte]: [7168]
[ro.allow.mock.location]: [0]
[ro.apex.updatable]: [false]
[ro.appsflyer.preinstall.path]: [/data/miui/pai/pre_install.appsflyer]
[ro.audio.soundfx.dirac]: [true]
[ro.baseband]: [msm]
[ro.bluetooth.emb_wp_mode]: [true]
[ro.bluetooth.library_name]: [libbluetooth_qti.so]
[ro.bluetooth.wipower]: [true]
[ro.board.platform]: [sm6150]
[ro.boot.baseband]: [msm]
[ro.boot.bootdevice]: [7c4000.sdhci]
[ro.boot.bootreason]: [bootloader]
[ro.boot.console]: [ttyMSM0]
[ro.boot.cpuid]: [0x16a0d9eb]
[ro.boot.dp]: [0x0]
[ro.boot.dtb_idx]: [7]
[ro.boot.dtbo_idx]: [6]
[ro.boot.flash.locked]: [0]
[ro.boot.fpsensor]: [fpc]
[ro.boot.hardware]: [qcom]
[ro.boot.hwc]: [India]
[ro.boot.hwlevel]: [MP]
[ro.boot.hwversion]: [1.19.0]
[ro.boot.keymaster]: [1]
[ro.boot.memcg]: [1]
[ro.boot.secureboot]: [1]
[ro.boot.serialno]: [48a98858]
[ro.boot.usbcontroller]: [a600000.dwc3]
[ro.boot.vbmeta.avb_version]: [1.0]
[ro.boot.vbmeta.device_state]: [unlocked]
[ro.boot.vbmeta.digest]: [9a4fe80f3c6e855ac10370096e04207298186298d99bc92c15971fd18a615fbf]
[ro.boot.vbmeta.hash_alg]: [sha256]
[ro.boot.vbmeta.invalidate_on_error]: [yes]
[ro.boot.vbmeta.size]: [7552]
[ro.boot.verifiedbootstate]: [orange]
[ro.boot.veritymode]: [enforcing]
[ro.bootimage.build.date]: [Wed Sep 8 18:38:40 CST 2021]
[ro.bootimage.build.date.utc]: [1631097520]
[ro.bootimage.build.fingerprint]: [xiaomi/violet/violet:10/QKQ1.190915.002/V12.5.1.0.QFHINXM:user/release-keys]
[ro.bootloader]: [unknown]
[ro.bootmode]: [unknown]
[ro.build.characteristics]: [default]
[ro.build.date]: [Wed Sep  8 18:38:40 CST 2021]
[ro.build.date.utc]: [1631097520]
[ro.build.description]: [violet-user 10 QKQ1.190915.002 V12.5.1.0.QFHINXM release-keys]
[ro.build.display.id]: [QKQ1.190915.002]
[ro.build.fingerprint]: [xiaomi/violet/violet:10/QKQ1.190915.002/V12.5.1.0.QFHINXM:user/release-keys]
[ro.build.flavor]: [violet-user]
[ro.build.hardware.version]: [F7B]
[ro.build.host]: [c4-miui-ota-bd186.bj]
[ro.build.id]: [QKQ1.190915.002]
[ro.build.keys]: [test-keys]
[ro.build.product]: [violet]
[ro.build.system_root_image]: [true]
[ro.build.tags]: [release-keys]
[ro.build.type]: [user]
[ro.build.user]: [builder]
[ro.build.version.all_codenames]: [REL]
[ro.build.version.base_os]: []
[ro.build.version.bsp]: [QKQ1.190915.002]
[ro.build.version.codename]: [REL]
[ro.build.version.external]: []
[ro.build.version.incremental]: [V12.5.1.0.QFHINXM]
[ro.build.version.internal]: []
[ro.build.version.min_supported_target_sdk]: [23]
[ro.build.version.preview_sdk]: [0]
[ro.build.version.preview_sdk_fingerprint]: [REL]
[ro.build.version.release]: [10]
[ro.build.version.sdk]: [29]
[ro.build.version.security_patch]: [2021-08-01]
[ro.build.version.type]: []
[ro.carrier]: [unknown]
[ro.channelid.ucbrowserintl]: [/cust/etc/ucconfiginfo]
[ro.colorpick_adjust]: [true]
[ro.com.android.dataroaming]: [false]
[ro.com.android.mobiledata]: [false]
[ro.com.google.clientidbase]: [android-xiaomi]
[ro.com.google.clientidbase.ms]: [android-xiaomi-rev1]
[ro.com.google.gmsversion]: [10_202009]
[ro.com.google.ime.theme_file]: [xiaomi_theme_20171222.zip]
[ro.com.google.ime.themes_dir]: [/system/etc/gboard_theme]
[ro.com.google.rlz_ap_whitelist]: [YG]
[ro.com.google.rlzbrandcode]: [GOFU]
[ro.config.alarm_alert]: [Alarm_Classic.ogg]
[ro.config.elder-ringtone]: [Angel.mp3]
[ro.config.media_vol_default]: [10]
[ro.config.notification_sound]: [pixiedust.ogg]
[ro.config.ringtone]: [Ring_Synth_04.ogg]
[ro.config.sms_delivered_sound]: [MessageComplete.ogg]
[ro.config.sms_received_sound]: [FadeIn.ogg]
[ro.control_privapp_permissions]: [enforce]
[ro.crypto.allow_encrypt_override]: [true]
[ro.crypto.state]: [unencrypted]
[ro.crypto.volume.filenames_mode]: [aes-256-cts]
[ro.dalvik.vm.native.bridge]: [0]
[ro.debuggable]: [0]
[ro.device_owner]: [false]
[ro.fota.oem]: [Xiaomi]
[ro.frp.pst]: [/dev/block/bootdevice/by-name/frp]
[ro.hardware]: [qcom]
[ro.hardware.egl]: [adreno]
[ro.hardware.keystore_desede]: [true]
[ro.hardware.vulkan]: [adreno]
[ro.hwui.drop_shadow_cache_size]: [6]
[ro.hwui.gradient_cache_size]: [1]
[ro.hwui.layer_cache_size]: [48]
[ro.hwui.path_cache_size]: [32]
[ro.hwui.r_buffer_cache_size]: [8]
[ro.hwui.text_large_cache_height]: [1024]
[ro.hwui.text_large_cache_width]: [2048]
[ro.hwui.text_small_cache_height]: [1024]
[ro.hwui.text_small_cache_width]: [1024]
[ro.hwui.texture_cache_flushrate]: [0.4]
[ro.hwui.texture_cache_size]: [72]
[ro.hwui.use_vulkan]: []
[ro.iorapd.enable]: [false]
[ro.kernel.qemu.gles]: [0]
[ro.logd.kernel]: [true]
[ro.logd.size.stats]: [64K]
[ro.malloc.impl]: [jemalloc]
[ro.mi.development]: [false]
[ro.minui.pixel_format]: [RGBX_8888]
[ro.miui.build.region]: [in]
[ro.miui.cust_variant]: [in]
[ro.miui.customized_clientid]: [2]
[ro.miui.fixed_wifisuggest]: [1]
[ro.miui.has_cust_partition]: [true]
[ro.miui.has_handy_mode_sf]: [1]
[ro.miui.has_real_blur]: [1]
[ro.miui.mcc]: [9404]
[ro.miui.mnc]: [9999]
[ro.miui.notch]: [1]
[ro.miui.pai.preinstall.path]: [/data/miui/pai/]
[ro.miui.pm.movedtodata.apps]: [com.google.android.apps.photos,com.google.android.apps.docs,com.google.android.music,com.google.android.videos,com.google.android.apps.tachyon]
[ro.miui.region]: [IN]
[ro.miui.remove_uri_80_flag]: [1]
[ro.miui.ui.version.code]: [11]
[ro.miui.ui.version.name]: [V125]
[ro.miui.version.code_time]: [1631030400]
[ro.netflix.bsp_rev]: [Q6150-17263-1]
[ro.nfc.port]: [I2C]
[ro.odm.build.date]: [Wed Sep  8 18:38:40 CST 2021]
[ro.odm.build.date.utc]: [1631097520]
[ro.odm.build.fingerprint]: [xiaomi/violet/violet:10/QKQ1.190915.002/V12.5.1.0.QFHINXM:user/release-keys]
[ro.oem_unlock_supported]: [1]
[ro.opa.eligible_device]: [true]
[ro.opengles.version]: [196610]
[ro.postinstall.fstab.prefix]: [/system]
[ro.product.board]: [violet]
[ro.product.brand]: [xiaomi]
[ro.product.cert]: [M1901F7S]
[ro.product.cpu.abi]: [arm64-v8a]
[ro.product.cpu.abilist]: [arm64-v8a,armeabi-v7a,armeabi]
[ro.product.cpu.abilist32]: [armeabi-v7a,armeabi]
[ro.product.cpu.abilist64]: [arm64-v8a]
[ro.product.device]: [violet]
[ro.product.first_api_level]: [28]
[ro.product.locale]: [en-GB]
[ro.product.locale.language]: [en]
[ro.product.locale.region]: [US]
[ro.product.manufacturer]: [Xiaomi]
[ro.product.mod_device]: [violet_in_global]
[ro.product.model]: [Redmi Note 7 Pro]
[ro.product.name]: [violet]
[ro.product.odm.brand]: [xiaomi]
[ro.product.odm.device]: [violet]
[ro.product.odm.manufacturer]: [Xiaomi]
[ro.product.odm.model]: [Redmi Note 7 Pro]
[ro.product.odm.name]: [violet]
[ro.product.system.brand]: [xiaomi]
[ro.product.system.device]: [violet]
[ro.product.system.manufacturer]: [Xiaomi]
[ro.product.system.model]: [Redmi Note 7 Pro]
[ro.product.system.name]: [violet]
[ro.product.vendor.brand]: [xiaomi]
[ro.product.vendor.device]: [violet]
[ro.product.vendor.manufacturer]: [Xiaomi]
[ro.product.vendor.model]: [Redmi Note 7 Pro]
[ro.product.vendor.name]: [violet]
[ro.property_service.version]: [2]
[ro.qc.sdk.audio.fluencetype]: [none]
[ro.qc.sdk.audio.ssr]: [false]
[ro.qualcomm.cabl]: [0]
[ro.revision]: [0]
[ro.ril.factory_id]: [2]
[ro.ril.miui.imei0]: [864130043474857]
[ro.ril.miui.imei1]: [864130043474865]
[ro.ril.oem.psno]: [22742/89TQ11481]
[ro.ril.oem.sno]: [2T925R111599]
[ro.rom.zone]: [2]
[ro.secure]: [1]
[ro.secureboot.devicelock]: [1]
[ro.secureboot.lockstate]: [unlocked]
[ro.serialno]: [48a98858]
[ro.setupwizard.rotation_locked]: [true]
[ro.sf.lcd_density]: [440]
[ro.system.build.date]: [Wed Sep  8 18:38:40 CST 2021]
[ro.system.build.date.utc]: [1631097520]
[ro.system.build.fingerprint]: [xiaomi/violet/violet:10/QKQ1.190915.002/V12.5.1.0.QFHINXM:user/release-keys]
[ro.system.build.id]: [QKQ1.190915.002]
[ro.system.build.tags]: [release-keys]
[ro.system.build.type]: [user]
[ro.system.build.version.incremental]: [V12.5.1.0.QFHINXM]
[ro.system.build.version.release]: [10]
[ro.system.build.version.sdk]: [29]
[ro.telephony.call_ring.multiple]: [false]
[ro.telephony.default_network]: [22,20]
[ro.telephony.iwlan_operation_mode]: [legacy]
[ro.treble.enabled]: [true]
[ro.vendor.build.date]: [Wed Sep  8 18:38:40 CST 2021]
[ro.vendor.build.date.utc]: [1631097520]
[ro.vendor.build.fingerprint]: [xiaomi/violet/violet:10/QKQ1.190915.002/V12.5.1.0.QFHINXM:user/release-keys]
[ro.vendor.build.security_patch]: [2021-08-01]
[ro.vendor.miui.cust_variant]: [in]
[ro.vendor.miui.mcc]: [9404]
[ro.vendor.miui.mnc]: [9999]
[ro.vendor.miui.region]: [IN]
[ro.vendor.qti.va_aosp.support]: [1]
[ro.vendor.qti.va_odm.support]: [1]
[ro.vndk.version]: [29]
[ro.wifi.channels]: []
[ro.zygote]: [zygote64_32]
[security.perf_harden]: [1]
[selinux.restorecon_recursive]: [/data/misc_ce/0]
[service.bootanim.exit]: [1]
[service.sf.present_timestamp]: [1]
[setupwizard.feature.baseline_setupwizard_enabled]: [true]
[setupwizard.theme]: [glif_v3_light]
[sys.boot.reason]: [bootloader]
[sys.boot.reason.last]: [bootloader]
[sys.boot_completed]: [1]
[sys.camera.clientname]: [com.android.camera]
[sys.dump_progress]: [1000]
[sys.fp.vendor]: [fpc]
[sys.is_mem_low_level]: [0]
[sys.isolated_storage_snapshot]: [true]
[sys.kernel.firstboot]: [1760258475803]
[sys.keyguard.screen_off_by_lid]: [false]
[sys.logbootcomplete]: [1]
[sys.miui.runtime.reboot]: [0]
[sys.miui.shutdown.waittime]: [500]
[sys.miui.user_authenticated]: [true]
[sys.mtp.device_type]: [2]
[sys.net.support.netprio]: [true]
[sys.oem_unlock_allowed]: [1]
[sys.panel.color]: [FFFFFFFF00FFFFFF]
[sys.panel.display]: [EBBG]
[sys.paper_mode_max_level]: [255]
[sys.power.starttimes]: [1]
[sys.qca1530]: [detect]
[sys.rescue_boot_count]: [1]
[sys.retaildemo.enabled]: [0]
[sys.svi.enable]: [on]
[sys.sysctl.extra_free_kbytes]: [29615]
[sys.sysctl.tcp_def_init_rwnd]: [60]
[sys.system_server.start_count]: [1]
[sys.system_server.start_elapsed]: [9961]
[sys.system_server.start_uptime]: [9961]
[sys.thermal.data.path]: [/data/vendor/thermal/]
[sys.tp.grip_enable]: [0]
[sys.usb.config]: [adb]
[sys.usb.configfs]: [1]
[sys.usb.controller]: [a600000.dwc3]
[sys.usb.ffs.ready]: [1]
[sys.usb.state]: [adb]
[sys.use_memfd]: [false]
[sys.user.0.ce_available]: [true]
[sys.vendor.shutdown.waittime]: [500]
[sys.white.x.value]: [0]
[sys.white.y.value]: [0]
[sys.wifitracing.started]: [1]
[telephony.lteOnCdmaDevice]: [1]
[tunnel.audio.encode]: [true]
[use.voice.path.for.pcm.voip]: [true]
[vendor.gralloc.disable_ubwc]: [0]
[vendor.sys.listeners.registered]: [true]
[vendor.sys.rpmb_state]: [23]
[vold.has_adoptable]: [1]
[vold.has_quota]: [0]
[vold.has_reserved]: [1]
[vold.post_fs_data_done]: [1]
[wifi.interface]: [wlan0]

cat /proc/cmdline          
ramoops_memreserve=4M rcupdate.rcu_expedited=1 rcu_nocbs=0-7 console=ttyMSM0,115200n8 androidboot.hardware=qcom androidboot.console=ttyMSM0 androidboot.memcg=1 lpm_levels.sleep_disabled=1 video=vfb:640x400,bpp=32,memsize=3072000 msm_rtb.filter=0x237 service_locator.enable=1 swiotlb=1 androidboot.usbcontroller=a600000.dwc3 earlycon=msm_geni_serial,0x880000 loop.max_part=7 buildvariant=user androidboot.verifiedbootstate=orange androidboot.keymaster=1 dm="1 vroot none ro 1,0 7224056 verity 1 PARTUUID=c1f0ccaf-b3ed-e568-3bc7-b1911709a3f7 PARTUUID=c1f0ccaf-b3ed-e568-3bc7-b1911709a3f7 4096 4096 903007 903007 sha1 d5f078ef786c55143dc2bb018e31b47b371317c1 5ee1d7a979db9c22b7196d50beb0bc437fabae40 10 restart_on_corruption ignore_zero_blocks use_fec_from_device PARTUUID=c1f0ccaf-b3ed-e568-3bc7-b1911709a3f7 fec_roots 2 fec_blocks 910119 fec_start 910119" root=/dev/dm-0 androidboot.vbmeta.device=PARTUUID=e0086489-b85d-ef71-1bd6-f659e3215a58 androidboot.vbmeta.avb_version=1.0 androidboot.vbmeta.device_state=unlocked androidboot.vbmeta.hash_alg=sha256 androidboot.vbmeta.size=7552 androidboot.vbmeta.digest=9a4fe80f3c6e855ac10370096e04207298186298d99bc92c15971fd18a615fbf androidboot.vbmeta.invalidate_on_error=yes androidboot.veritymode=enforcing androidboot.bootdevice=7c4000.sdhci androidboot.serialno=48a98858 androidboot.cpuid=0x16a0d9eb androidboot.hwc=India androidboot.hwlevel=MP androidboot.hwversion=1.19.0 androidboot.secureboot=1 androidboot.dp=0x0 androidboot.baseband=msm msm_drm.dsi_display0=dsi_nt36672a_shenchao_vid_display: androidboot.fpsensor=fpc skip_initramfs rootwait ro init=/init androidboot.dtbo_idx=6 androidboot.dtb_idx=7

cat /proc/cpuinfo

Processor	: AArch64 Processor rev 14 (aarch64)
processor	: 0
BogoMIPS	: 38.40
Features	: fp asimd evtstrm aes pmull sha1 sha2 crc32 atomics fphp asimdhp cpuid asimdrdm lrcpc dcpop asimddp
CPU implementer	: 0x51
CPU architecture: 8
CPU variant	: 0xd
CPU part	: 0x805
CPU revision	: 14

processor	: 1
BogoMIPS	: 38.40
Features	: fp asimd evtstrm aes pmull sha1 sha2 crc32 atomics fphp asimdhp cpuid asimdrdm lrcpc dcpop asimddp
CPU implementer	: 0x51
CPU architecture: 8
CPU variant	: 0xd
CPU part	: 0x805
CPU revision	: 14

processor	: 2
BogoMIPS	: 38.40
Features	: fp asimd evtstrm aes pmull sha1 sha2 crc32 atomics fphp asimdhp cpuid asimdrdm lrcpc dcpop asimddp
CPU implementer	: 0x51
CPU architecture: 8
CPU variant	: 0xd
CPU part	: 0x805
CPU revision	: 14

processor	: 3
BogoMIPS	: 38.40
Features	: fp asimd evtstrm aes pmull sha1 sha2 crc32 atomics fphp asimdhp cpuid asimdrdm lrcpc dcpop asimddp
CPU implementer	: 0x51
CPU architecture: 8
CPU variant	: 0xd
CPU part	: 0x805
CPU revision	: 14

processor	: 4
BogoMIPS	: 38.40
Features	: fp asimd evtstrm aes pmull sha1 sha2 crc32 atomics fphp asimdhp cpuid asimdrdm lrcpc dcpop asimddp
CPU implementer	: 0x51
CPU architecture: 8
CPU variant	: 0xd
CPU part	: 0x805
CPU revision	: 14

processor	: 5
BogoMIPS	: 38.40
Features	: fp asimd evtstrm aes pmull sha1 sha2 crc32 atomics fphp asimdhp cpuid asimdrdm lrcpc dcpop asimddp
CPU implementer	: 0x51
CPU architecture: 8
CPU variant	: 0xd
CPU part	: 0x805
CPU revision	: 14

processor	: 6
BogoMIPS	: 38.40
Features	: fp asimd evtstrm aes pmull sha1 sha2 crc32 atomics fphp asimdhp cpuid asimdrdm lrcpc dcpop asimddp
CPU implementer	: 0x51
CPU architecture: 8
CPU variant	: 0xd
CPU part	: 0x804
CPU revision	: 14

processor	: 7
BogoMIPS	: 38.40
Features	: fp asimd evtstrm aes pmull sha1 sha2 crc32 atomics fphp asimdhp cpuid asimdrdm lrcpc dcpop asimddp
CPU implementer	: 0x51
CPU architecture: 8
CPU variant	: 0xd
CPU part	: 0x804
CPU revision	: 14

Hardware	: Qualcomm Technologies, Inc SM6150

cat /proc/iomem                                                                                  
00100000-002effff : cc_base
007c4000-007c4fff : hc_mem
007c8000-007cffff : /soc/sdcc1ice@7C8000
00884000-00887fff : /soc/i2c@884000
0088c000-0088ffff : /soc/i2c@88c000
008c0000-008c5fff : /soc/qcom,qupv3_0_geni_se@8c0000
00a80000-00a83fff : /soc/i2c@a80000
00ac0000-00ac5fff : /soc/qcom,qupv3_1_geni_se@ac0000
01d87000-01d87db7 : phy_mem
01d90000-01d97fff : /soc/ufsice@1d90000
01fed000-01fed027 : /soc/cx_ipeak@01fed000
03000000-03dc1fff : pinctrl
05000000-0508ffff : kgsl-3d0
05090000-05098fff : cc_base
050a0000-050affff : base
050c2200-050c2207 : status-reg
050c2208-050c220f : status-reg
050c5000-050c5fff : base
050c9000-050c9fff : base
06002000-06002fff : stm-base
06004000-06004fff : tpda-base
06005000-06005fff : funnel-base
06010000-06010fff : cti-base
06011000-06011fff : cti-base
06012000-06012fff : cti-base
06013000-06013fff : cti-base
06014000-06014fff : cti-base
06015000-06015fff : cti-base
06016000-06016fff : cti-base
06017000-06017fff : cti-base
06018000-06018fff : cti-base
06019000-06019fff : cti-base
0601a000-0601afff : cti-base
0601b000-0601bfff : cti-base
0601c000-0601cfff : cti-base
0601d000-0601dfff : cti-base
0601e000-0601efff : cti-base
0601f000-0601ffff : cti-base
06041000-06041fff : funnel-base
06042000-06042fff : funnel-base
06045000-06045fff : funnel-base
06046000-06046fff : replicator-base
06047000-06047fff : tmc-base
06048000-06048fff : tmc-base
0604a000-0604afff : replicator-base
06830000-06830fff : tpdm-base
06831000-06831fff : tpda-base
06832000-06832fff : funnel-base
0683b000-0683bfff : cti-base
06840000-06840fff : tpdm-base
0684c000-0684cfff : tpdm-base
06850000-06850fff : tpdm-base
06860000-06860fff : tpdm-base
06861000-06861fff : funnel-base
06867010-0686701f : funnel-base-dummy
069c0000-069c0fff : tpdm-base
069c1000-069c1000 : funnel-base-dummy
069c3000-069c3fff : funnel-base
069d0000-069d0fff : tpdm-base
06a00000-06a00fff : tpdm-base
06a02000-06a02fff : cti-base
06a03000-06a03fff : cti-base
06a05000-06a05fff : funnel-base
06a10000-06a10fff : cti-base
06a11000-06a11fff : cti-base
06b01000-06b01fff : tpda-base
06b02000-06b02fff : tpdm-base
06b03000-06b03fff : tpdm-base
06b04000-06b04fff : cti-base
06b05000-06b05fff : cti-base
06b06000-06b06fff : cti-base
06b07000-06b07fff : cti-base
06b08000-06b08fff : funnel-base
06b09000-06b09fff : tmc-base
06b0a000-06b0afff : replicator-base
06b0c000-06b0cfff : tgu-base
06b21000-06b21fff : cti-base
06b48000-06b48fff : tpdm-base
06c13000-06c13fff : cti-base
06c20000-06c20fff : cti-base
06c28000-06c28fff : tpdm-base
06c29000-06c29fff : cti-base
06c2a000-06c2afff : cti-base
07020000-07020fff : cti-base
07040000-07040fff : /soc/etm@7040000
07120000-07120fff : cti-base
07140000-07140fff : /soc/etm@7140000
07220000-07220fff : cti-base
07240000-07240fff : /soc/etm@7240000
07320000-07320fff : cti-base
07340000-07340fff : /soc/etm@7340000
07420000-07420fff : cti-base
07440000-07440fff : /soc/etm@7440000
07520000-07520fff : cti-base
07540000-07540fff : /soc/etm@7540000
07620000-07620fff : cti-base
07640000-07640fff : /soc/etm@7640000
07720000-07720fff : cti-base
07740000-07740fff : /soc/etm@7740000
07800000-07800fff : funnel-base
07810000-07810fff : funnel-base
07830000-07830fff : tpdm-base
07832000-07832fff : tpda-base
07860000-07860fff : tpdm-base
07862000-07862fff : tpda-base
078a0000-078a0fff : tpdm-base
078b0000-078b0fff : tpdm-base
078c0000-078c0fff : tpda-base
078d0000-078d0fff : tpda-base
078e0000-078e0fff : cti-base
078f0000-078f0fff : cti-base
07900000-07900fff : cti-base
08804000-08804fff : hc_mem
088e0000-088e1fff : eud_base
088e2000-088e217f : qusb_phy_base
088e3000-088e317f : qusb_phy_base
090cc000-090cc2ff : lagg-base
0a60c100-0a60ccff : /soc/ssusb@a600000/dwc3@a600000
0ab00000-0ab0ffff : cc_base
0ad00000-0ad0ffff : cc_base
0af00000-0af1ffff : cc_base
0af20000-0af200ff : /soc/mailbox@af20000
0af21c00-0af24bff : /soc/mailbox@af20000
0c222000-0c222007 : tsens_srot_physical
0c263000-0c2631fe : tsens_tm_physical
0c264000-0c264003 : pshold-base
0c40a000-0c42ffff : cnfg
0c440000-0c4410ff : core
0c600000-0e5fffff : chnls
0e600000-0e6fffff : obsrvr
0e700000-0e79ffff : intr
15000000-1507ffff : base
150c2200-150c2207 : status-reg
150c2208-150c220f : status-reg
150c2210-150c2217 : status-reg
150c2218-150c221f : status-reg
150c2220-150c2227 : status-reg
150c2228-150c222f : status-reg
150c5000-150c5fff : base
150c9000-150c9fff : base
150cd000-150cdfff : base
150d1000-150d1fff : base
150d5000-150d5fff : base
150d9000-150d9fff : base
17c10000-17c10fff : msm-watchdog
17c21000-17c21fff : arch_mem_timer
18220000-182200ff : /soc/mailbox@18220000
18220d00-18223cff : /soc/mailbox@18220000
626c0000-626c5fff : /soc/qcom,qupv3_2_geni_se@626c0000
80000000-856fffff : System RAM
  80080000-819fffff : Kernel code
  81e00000-82797fff : Kernel data
85d00000-85dfffff : System RAM
85f20000-85f20f08 : c3f000c.qcom,cmd-db
85f40000-85ffefff : System RAM
88f00000-8aafffff : System RAM
97117000-9e3fffff : System RAM
a1600000-17dcfffff : System RAM

[    0.000000] Booting Linux on physical CPU 0x0
[    0.000000] Linux version 4.14.117-perf-g02abc55 (builder@c4-miui-ota-bd186.bj) (clang version 8.0.11 for Android NDK) #1 SMP PREEMPT Wed Sep 8 18:54:19 CST 2021
[    0.000000] Boot CPU: AArch64 Processor [51df805e]
[    0.000000] Powerup reason=0x40001
[    0.000000] Machine: Qualcomm Technologies, Inc. SM6150 PM6150 IDP
[    0.000000] OF: reserved mem: OVERLAP DETECTED!\x0adisp_rdump_region@9c000000 (0x000000009c000000--0x000000009d000000) overlaps with cont_splash_region@9c000000 (0x000000009c000000--0x000000009e400000)
[    0.000000] OF: reserved mem: OVERLAP DETECTED!\x0acont_splash_region@9c000000 (0x000000009c000000--0x000000009e400000) overlaps with dfps_data_region@9e300000 (0x000000009cf00000--0x000000009d000000)
[    0.000000] Reserved memory: created CMA memory pool at 0x00000000ff800000, size 4 MiB
[    0.000000] OF: reserved mem: initialized node sdsp_region, compatible id shared-dma-pool
[    0.000000] Reserved memory: created CMA memory pool at 0x00000000ff000000, size 8 MiB
[    0.000000] OF: reserved mem: initialized node sp_region, compatible id shared-dma-pool
[    0.000000] Reserved memory: created CMA memory pool at 0x00000000fe000000, size 16 MiB
[    0.000000] OF: reserved mem: initialized node qseecom_ta_region, compatible id shared-dma-pool
[    0.000000] Reserved memory: created CMA memory pool at 0x00000000f5400000, size 140 MiB
[    0.000000] OF: reserved mem: initialized node secure_display_region, compatible id shared-dma-pool
[    0.000000] Reserved memory: created CMA memory pool at 0x000000017b800000, size 36 MiB
[    0.000000] OF: reserved mem: initialized node mem_dump_region, compatible id shared-dma-pool
[    0.000000] Reserved memory: created CMA memory pool at 0x00000000f3400000, size 32 MiB
[    0.000000] OF: reserved mem: initialized node linux,cma, compatible id shared-dma-pool
[    0.000000] Reserved memory: incorrect alignment of CMA region
[    0.000000] Removed memory: created DMA memory pool at 0x0000000085700000, size 6 MiB
[    0.000000] OF: reserved mem: initialized node hyp_region@85700000, compatible id removed-dma-pool
[    0.000000] Removed memory: created DMA memory pool at 0x0000000085e00000, size 1 MiB
[    0.000000] OF: reserved mem: initialized node xbl_aop_mem@85e00000, compatible id removed-dma-pool
[    0.000000] Removed memory: created DMA memory pool at 0x0000000085fff000, size 0 MiB
[    0.000000] OF: reserved mem: initialized node sec_apps_region@85fff000, compatible id removed-dma-pool
[    0.000000] Removed memory: created DMA memory pool at 0x0000000086000000, size 2 MiB
[    0.000000] OF: reserved mem: initialized node smem@86000000, compatible id removed-dma-pool
[    0.000000] Removed memory: created DMA memory pool at 0x0000000086200000, size 45 MiB
[    0.000000] OF: reserved mem: initialized node removed_region@86200000, compatible id removed-dma-pool
[    0.000000] Removed memory: created DMA memory pool at 0x000000008ab00000, size 5 MiB
[    0.000000] OF: reserved mem: initialized node camera_region@8ab00000, compatible id removed-dma-pool
[    0.000000] Removed memory: created DMA memory pool at 0x000000008b000000, size 126 MiB
[    0.000000] OF: reserved mem: initialized node modem_region@8b000000, compatible id removed-dma-pool
[    0.000000] Removed memory: created DMA memory pool at 0x0000000092e00000, size 5 MiB
[    0.000000] OF: reserved mem: initialized node pil_video_region@92e00000, compatible id removed-dma-pool
[    0.000000] Removed memory: created DMA memory pool at 0x0000000093300000, size 2 MiB
[    0.000000] OF: reserved mem: initialized node wlan_msa_region@93300000, compatible id removed-dma-pool
[    0.000000] Removed memory: created DMA memory pool at 0x0000000093500000, size 30 MiB
[    0.000000] OF: reserved mem: initialized node cdsp_regions@93500000, compatible id removed-dma-pool
[    0.000000] Removed memory: created DMA memory pool at 0x0000000095300000, size 30 MiB
[    0.000000] OF: reserved mem: initialized node pil_adsp_region@95300000, compatible id removed-dma-pool
[    0.000000] Removed memory: created DMA memory pool at 0x0000000097100000, size 0 MiB
[    0.000000] OF: reserved mem: initialized node ips_fw_region@0x97100000, compatible id removed-dma-pool
[    0.000000] Removed memory: created DMA memory pool at 0x0000000097110000, size 0 MiB
[    0.000000] OF: reserved mem: initialized node ipa_gsi_region@0x97110000, compatible id removed-dma-pool
[    0.000000] Removed memory: created DMA memory pool at 0x0000000097115000, size 0 MiB
[    0.000000] OF: reserved mem: initialized node gpu_region@0x97115000, compatible id removed-dma-pool
[    0.000000] Reserved memory: created DMA memory pool at 0x000000009e400000, size 20 MiB
[    0.000000] OF: reserved mem: initialized node qseecom_region@0x9e400000, compatible id shared-dma-pool
[    0.000000] Removed memory: created DMA memory pool at 0x000000009f800000, size 30 MiB
[    0.000000] OF: reserved mem: initialized node cdsp_sec_regions@0x9f800000, compatible id removed-dma-pool
[    0.000000] On node 0 totalpages: 962216
[    0.000000] DMA zone: 6983 pages used for memmap
[    0.000000] DMA zone: 0 pages reserved
[    0.000000] DMA zone: 446888 pages, LIFO batch:31
[    0.000000] Normal zone: 8052 pages used for memmap
[    0.000000] Normal zone: 515328 pages, LIFO batch:31
[    0.000000] psci: probing for conduit method from DT.
[    0.000000] psci: PSCIv1.1 detected in firmware.
[    0.000000] psci: Using standard PSCI v0.2 function IDs
[    0.000000] psci: MIGRATE_INFO_TYPE not supported.
[    0.000000] psci: SMC Calling Convention v1.1
[    0.000000] random: fast init done
[    0.000000] random: get_random_bytes called from start_kernel+0x90/0x4b0 with crng_init=1
[    0.000000] percpu: Embedded 23 pages/cpu s54568 r8192 d31448 u94208
[    0.000000] pcpu-alloc: s54568 r8192 d31448 u94208 alloc=23*4096
[    0.000000] pcpu-alloc: [0] 0 [0] 1 [0] 2 [0] 3 [0] 4 [0] 5 [0] 6 [0] 7 
[    0.000000] Built 1 zonelists, mobility grouping on.  Total pages: 947181
[    0.000000] I am fpc fingerprint
[    0.000000] device-mapper: init: will configure 1 devices
[    0.000000] PID hash table entries: 4096 (order: 3, 32768 bytes)
[    0.000000] Dentry cache hash table entries: 524288 (order: 10, 4194304 bytes)
[    0.000000] Inode-cache hash table entries: 262144 (order: 9, 2097152 bytes)
[    0.000000] software IO TLB: mapped [mem 0xfffbf000-0xfffff000] (0MB)
[    0.000000] Memory: 3435076K/3848864K available (17918K kernel code, 4146K rwdata, 6676K rodata, 4096K init, 5654K bss, 172124K reserved, 241664K cma-reserved)
[    0.000000] SLUB: HWalign=64, Order=0-3, MinObjects=0, CPUs=8, Nodes=1
[    0.000000] Preemptible hierarchical RCU implementation.
[    0.000000] \x09RCU dyntick-idle grace-period acceleration is enabled.
[    0.000000] \x09All grace periods are expedited (rcu_expedited).
[    0.000000] \x09Tasks RCU enabled.
[    0.000000] NR_IRQS: 64, nr_irqs: 64, preallocated irqs: 0
[    0.000000] GICv3: no VLPI support, no direct LPI support
[    0.000000] GICv3: CPU0: found redistributor 0 region 0:0x0000000017a60000
[    0.000000] \x09Offload RCU callbacks from CPUs: 0-7.
[    0.000000] arch_timer: cp15 and mmio timer(s) running at 19.20MHz (virt/virt).
[    0.000000] clocksource: arch_sys_counter: mask: 0xffffffffffffff max_cycles: 0x46d987e47, max_idle_ns: 440795202767 ns
[    0.000003] sched_clock: 56 bits at 19MHz, resolution 52ns, wraps every 4398046511078ns
[    0.000016] clocksource: Switched to clocksource arch_sys_counter
[    0.001831] Console: colour dummy device 80x25
[    0.001854] Calibrating delay loop (skipped), value calculated using timer frequency.. 38.40 BogoMIPS (lpj=192000)
[    0.001864] pid_max: default: 32768 minimum: 301
[    0.001960] Security Framework initialized
[    0.001970] SELinux:  Initializing.
[    0.002035] SELinux:  Starting in permissive mode
[    0.002076] Mount-cache hash table entries: 8192 (order: 4, 65536 bytes)
[    0.002087] Mountpoint-cache hash table entries: 8192 (order: 4, 65536 bytes)
[    0.014288] ASID allocator initialised with 32768 entries
[    0.016404] Hierarchical SRCU implementation.
[    0.021284] MSM Memory Dump base table set up
[    0.021302] MSM Memory Dump apps data table set up
[    0.023747] smp: Bringing up secondary CPUs ...
[    0.033405] GICv3: CPU1: found redistributor 100 region 0:0x0000000017a80000
[    0.033452] CPU1: Booted secondary processor [51df805e]
[    0.043322] GICv3: CPU2: found redistributor 200 region 0:0x0000000017aa0000
[    0.043363] CPU2: Booted secondary processor [51df805e]
[    0.053233] GICv3: CPU3: found redistributor 300 region 0:0x0000000017ac0000
[    0.053272] CPU3: Booted secondary processor [51df805e]
[    0.063214] GICv3: CPU4: found redistributor 400 region 0:0x0000000017ae0000
[    0.063250] CPU4: Booted secondary processor [51df805e]
[    0.073286] GICv3: CPU5: found redistributor 500 region 0:0x0000000017b00000
[    0.073321] CPU5: Booted secondary processor [51df805e]
[    0.084120] CPU features: Unsupported CPU feature variation detected.
[    0.084158] GICv3: CPU6: found redistributor 600 region 0:0x0000000017b20000
[    0.084214] CPU6: Booted secondary processor [51df804e]
[    0.094909] GICv3: CPU7: found redistributor 700 region 0:0x0000000017b40000
[    0.094970] CPU7: Booted secondary processor [51df804e]
[    0.095242] smp: Brought up 1 node, 8 CPUs
[    0.095276] SMP: Total of 8 processors activated.
[    0.095282] CPU features: detected feature: GIC system register CPU interface
[    0.095285] CPU features: detected feature: Privileged Access Never
[    0.095289] CPU features: detected feature: User Access Override
[    0.095294] CPU features: detected feature: 32-bit EL0 Support
[    0.095298] CPU features: detected feature: Kernel page table isolation (KPTI)
[    0.095303] CPU features: detected: Hardware dirty bit management
[    0.148249] CPU: All CPU(s) started at EL1
[    0.148304] alternatives: patching kernel code
[    0.151098] CPU7: update max cpu_capacity 1024
[    0.160091] CPU0: update max cpu_capacity 602
[    0.197267] Registered cp15_barrier emulation handler
[    0.197289] Registered setend emulation handler
[    0.197565] clocksource: jiffies: mask: 0xffffffff max_cycles: 0xffffffff, max_idle_ns: 19112604462750000 ns
[    0.197577] futex hash table entries: 2048 (order: 6, 262144 bytes)
[    0.197738] CPU7: update max cpu_capacity 1024
[    0.202114] pinctrl core: initialized pinctrl subsystem
[    0.202699] NET: Registered protocol family 16
[    0.204522] schedtune: configured to support 6 boost groups
[    0.205506] cpuidle: using governor menu
[    0.205548] cpuidle: using governor qcom
[    0.205689] NET: Registered protocol family 42
[    0.212240] vdso: 2 pages (1 code @         (ptrval), 1 data @         (ptrval))
[    0.212258] hw-breakpoint: found 6 breakpoint and 4 watchpoint registers.
[    0.213668] DMA: preallocated 256 KiB pool for atomic allocations
[    0.214824] exit: IPA_USB init success!
[    0.215146] ramoops: dump_mem_sz=1048576,cxt->record_size=524288,cxt->size=4194304,cxt->console_size=1048576,cxt->ftrace_size=0,cxt->pmsg_size=2097152
[    0.215574] pstore: using zlib compression
[    0.216534] console [pstore-1] enabled
[    0.216634] pstore: Registered ramoops as persistent store backend
[    0.216649] ramoops: attached 0x400000@0xa2000000, ecc: 0/0
[    0.220771] unable to find DT imem DLOAD mode node
[    0.221984] unable to find DT imem EDLOAD mode node
[    0.223059] sps:sps is ready.
[    0.224602] msm_watchdog 17c10000.qcom,wdt: wdog absent resource not present
[    0.226174] msm_watchdog 17c10000.qcom,wdt: MSM Watchdog Initialized
[    0.226938] platform soc:mem_dump: assigned reserved memory node mem_dump_region
[    0.271514] platform 86d00000.qseecom: assigned reserved memory node qseecom_region@0x9e400000
[    0.272530] msm-sn-fuse 786134.snfuse: SN interface initialized
[    0.273579] spmi spmi-0: PMIC arbiter version v5 (0x50000000)
[    0.274408] platform soc:qcom,smem: assigned reserved memory node smem@86000000
[    0.278492] LCDB: qpnp_lcdb_regulator_probe: Failed to parse dt rc=-517
[    0.282307] platform 62400000.qcom,lpass: assigned reserved memory node pil_adsp_region@95300000
[    0.282565] platform 4080000.qcom,mss: assigned reserved memory node modem_region@8b000000
[    0.282805] platform 8300000.qcom,turing: assigned reserved memory node cdsp_regions@93500000
[    0.282957] platform aae0000.qcom,venus: assigned reserved memory node pil_video_region@92e00000
[    0.284132] platform soc:qcom,ipa_fws: assigned reserved memory node ips_fw_region@0x97100000
[    0.288847] sm6150-pinctrl 3000000.pinctrl: invalid resource
[    0.293410] pm6150_s1_level: supplied by pm6150_s3_level
[    0.293707] pm6150_s1_level_ao: supplied by pm6150_s3_level_ao
[    0.333108] OF: amba_device_add() failed (-16) for /soc/cti@6867000
[    0.373269] gpu_cx_gdsc: supplied by pm6150_s1_level
[    0.375343] clk: add_opp: Set OPP pair (300000000 Hz, 588000 uv) on cpu0
[    0.375714] clk: add_opp: Set OPP pair (1708800000 Hz, 848000 uv) on cpu0
[    0.375789] clk: add_opp: Set OPP pair (300000000 Hz, 588000 uv) on cpu1
[    0.376153] clk: add_opp: Set OPP pair (1708800000 Hz, 848000 uv) on cpu1
[    0.376225] clk: add_opp: Set OPP pair (300000000 Hz, 588000 uv) on cpu2
[    0.376584] clk: add_opp: Set OPP pair (1708800000 Hz, 848000 uv) on cpu2
[    0.376653] clk: add_opp: Set OPP pair (300000000 Hz, 588000 uv) on cpu3
[    0.377016] clk: add_opp: Set OPP pair (1708800000 Hz, 848000 uv) on cpu3
[    0.377086] clk: add_opp: Set OPP pair (300000000 Hz, 588000 uv) on cpu4
[    0.377438] clk: add_opp: Set OPP pair (1708800000 Hz, 848000 uv) on cpu4
[    0.377512] clk: add_opp: Set OPP pair (300000000 Hz, 588000 uv) on cpu5
[    0.377864] clk: add_opp: Set OPP pair (1708800000 Hz, 848000 uv) on cpu5
[    0.377935] clk: add_opp: Set OPP pair (300000000 Hz, 588000 uv) on cpu6
[    0.378359] clk: add_opp: Set OPP pair (2016000000 Hz, 932000 uv) on cpu6
[    0.378435] clk: add_opp: Set OPP pair (300000000 Hz, 588000 uv) on cpu7
[    0.378880] clk: add_opp: Set OPP pair (2016000000 Hz, 932000 uv) on cpu7
[    0.379450] clk: add_opp: Set OPP pair (300000000 Hz, 588000 uv) on soc:qcom,cpu0-cpu-l3-lat
[    0.379465] clk: add_opp: Set OPP pair (300000000 Hz, 588000 uv) on soc:qcom,cpu6-cpu-l3-lat
[    0.379478] clk: add_opp: Set OPP pair (300000000 Hz, 588000 uv) on soc:qcom,cdsp-cdsp-l3-lat
[    0.379492] clk: add_opp: Set OPP pair (300000000 Hz, 588000 uv) on 5000000.qcom,kgsl-3d0
[    0.380563] clk: add_opp: Set OPP pair (1363200000 Hz, 836000 uv) on soc:qcom,cpu0-cpu-l3-lat
[    0.380579] clk: add_opp: Set OPP pair (1363200000 Hz, 836000 uv) on soc:qcom,cpu6-cpu-l3-lat
[    0.380593] clk: add_opp: Set OPP pair (1363200000 Hz, 836000 uv) on soc:qcom,cdsp-cdsp-l3-lat
[    0.380606] clk: add_opp: Set OPP pair (1363200000 Hz, 836000 uv) on 5000000.qcom,kgsl-3d0
[    0.381635] sched-energy: Sched-energy-costs installed from DT
[    0.383187] cpufreq: driver osm-cpufreq up and running
[    0.383216] clk: clk_cpu_osm_driver_probe: OSM CPUFreq driver inited
[    0.384035] cam_cc_bps_clk_src: set OPP pair(200000000 Hz: 65 uV) on ac6f000.qcom,bps
[    0.384088] cam_cc_bps_clk_src: set OPP pair(600000000 Hz: 385 uV) on ac6f000.qcom,bps
[    0.384179] cam_cc_cci_clk_src: set OPP pair(37500000 Hz: 65 uV) on ac4a000.qcom,cci
[    0.384198] cam_cc_cci_clk_src: set OPP pair(100000000 Hz: 257 uV) on ac4a000.qcom,cci
[    0.384303] cam_cc_csi0phytimer_clk_src: set OPP pair(100000000 Hz: 65 uV) on ac65000.qcom,csiphy
[    0.384321] cam_cc_csi0phytimer_clk_src: set OPP pair(269333333 Hz: 193 uV) on ac65000.qcom,csiphy
[    0.384392] cam_cc_csi1phytimer_clk_src: set OPP pair(100000000 Hz: 65 uV) on ac66000.qcom,csiphy
[    0.384410] cam_cc_csi1phytimer_clk_src: set OPP pair(269333333 Hz: 193 uV) on ac66000.qcom,csiphy
[    0.384481] cam_cc_csi2phytimer_clk_src: set OPP pair(100000000 Hz: 65 uV) on ac67000.qcom,csiphy
[    0.384501] cam_cc_csi2phytimer_clk_src: set OPP pair(269333333 Hz: 193 uV) on ac67000.qcom,csiphy
[    0.384676] cam_cc_icp_clk_src: set OPP pair(240000000 Hz: 65 uV) on ac00000.qcom,a5
[    0.384726] cam_cc_icp_clk_src: set OPP pair(600000000 Hz: 385 uV) on ac00000.qcom,a5
[    0.384865] cam_cc_ife_0_clk_src: set OPP pair(240000000 Hz: 65 uV) on acaf000.qcom,vfe0
[    0.384904] cam_cc_ife_0_clk_src: set OPP pair(600000000 Hz: 385 uV) on acaf000.qcom,vfe0
[    0.385011] cam_cc_ife_0_csid_clk_src: set OPP pair(100000000 Hz: 65 uV) on acb3000.qcom,csid0
[    0.385065] cam_cc_ife_0_csid_clk_src: set OPP pair(540000000 Hz: 385 uV) on acb3000.qcom,csid0
[    0.385200] cam_cc_ife_1_clk_src: set OPP pair(240000000 Hz: 65 uV) on acb6000.qcom,vfe1
[    0.385247] cam_cc_ife_1_clk_src: set OPP pair(600000000 Hz: 385 uV) on acb6000.qcom,vfe1
[    0.385366] cam_cc_ife_1_csid_clk_src: set OPP pair(100000000 Hz: 65 uV) on acba000.qcom,csid1
[    0.385424] cam_cc_ife_1_csid_clk_src: set OPP pair(540000000 Hz: 385 uV) on acba000.qcom,csid1
[    0.385550] cam_cc_ife_lite_clk_src: set OPP pair(240000000 Hz: 65 uV) on acc4000.qcom,vfe-lite
[    0.385593] cam_cc_ife_lite_clk_src: set OPP pair(600000000 Hz: 385 uV) on acc4000.qcom,vfe-lite
[    0.385731] cam_cc_ife_lite_csid_clk_src: set OPP pair(100000000 Hz: 65 uV) on acc8000.qcom,csid-lite
[    0.385783] cam_cc_ife_lite_csid_clk_src: set OPP pair(540000000 Hz: 385 uV) on acc8000.qcom,csid-lite
[    0.386003] cam_cc_ipe_0_clk_src: set OPP pair(240000000 Hz: 65 uV) on ac87000.qcom,ipe0
[    0.386053] cam_cc_ipe_0_clk_src: set OPP pair(600000000 Hz: 385 uV) on ac87000.qcom,ipe0
[    0.386736] cam_cc-sm6150 ad00000.qcom,camcc: Registered Camera CC clocks
[    0.387644] qmp-aop-clk soc:qcom,aopclk: Registered clocks with AOP
[    0.388657] clk-rpmh soc:qcom,rpmhclk: Registered RPMh clocks
[    0.389371] disp_cc-sm6150 af00000.qcom,dispcc: Registered Display CC clocks
[    0.390035] CPU7: update max cpu_capacity 1024
[    0.396668] gcc-sm6150 100000.qcom,gcc: Registered GCC clocks
[    0.397983] gpu_cc_gx_gfx3d_clk_src: set OPP pair(290000000 Hz: 65 uV) on 5000000.qcom,kgsl-3d0
[    0.398066] gpu_cc_gx_gfx3d_clk_src: set OPP pair(845000000 Hz: 385 uV) on 5000000.qcom,kgsl-3d0
[    0.398083] gpu_cc_gx_gfx3d_clk_src: set OPP pair(895000000 Hz: 417 uV) on 5000000.qcom,kgsl-3d0
[    0.398158] gpu_cc-sm6150 5090000.qcom,gpupcc: Registered GPU CC clocks
[    0.399253] video_cc-sm6150 ab00000.qcom,videocc: Registered Video CC clocks
[    0.401053] KPI: Bootloader start count = 57051
[    0.401059] KPI: Bootloader end count = 1219481
[    0.401062] KPI: Bootloader display count = 1173883200
[    0.401065] KPI: Bootloader load kernel count = 2686655409
[    0.401068] KPI: Kernel MPM timestamp = 1237817
[    0.401071] KPI: Kernel MPM Clock frequency = 32768
[    0.401081] socinfo_print: v0.15, id=355, ver=1.1, raw_id=149, raw_ver=1, hw_plat=34, hw_plat_ver=65536\x0a accessory_chip=0, hw_plat_subtype=0, pmic_model=65576, pmic_die_revision=131072 foundry_id=3 serial_number=379640299 num_pmics=2 chip_family=0x5c raw_device_family=0x6 raw_device_number=0x7 nproduct_id=0x40e num_clusters=0x1 ncluster_array_offset=0xb0 num_defective_parts=0xc ndefective_parts_array_offset=0xb4 nmodem_supported=0xff
[    0.401146] Minidump: Enabled with max number of regions 200
[    0.401176] msm_bus_fabric_rpmh_init_driver
[    0.401297] msm_bus: Probe started
[    0.401565] msm_bus_device 1700000.ad-hoc-bus: Bus type is missing
[    0.401596] msm_bus_device 1700000.ad-hoc-bus: Bus type is missing
[    0.401604] msm_bus_device 1700000.ad-hoc-bus: Bus type is missing
[    0.401628] msm_bus_device 1700000.ad-hoc-bus: Bus type is missing
[    0.402354] msm_bus: DT Parsing complete
[    0.403939] msm_bus_fab_init_noc_ops: Invalid Bus type
[    0.403997] msm_bus_fab_init_noc_ops: Invalid Bus type
[    0.404026] msm_bus_fab_init_noc_ops: Invalid Bus type
[    0.404082] msm_bus_fab_init_noc_ops: Invalid Bus type
[    0.410340] reg-fixed-voltage 0.gpio-regulator: could not find pctldev for node /soc/qcom,spmi@c440000/qcom,pm6150l@4/pinctrl@c000/cam_sensor_dvdd_en, deferring probe
[    0.410356] reg-fixed-voltage 1.gpio-regulator: could not find pctldev for node /soc/qcom,spmi@c440000/qcom,pm6150l@4/pinctrl@c000/cam_sensor_0_vana, deferring probe
[    0.410363] reg-fixed-voltage 2.gpio-regulator: could not find pctldev for node /soc/qcom,spmi@c440000/qcom,pm6150l@4/pinctrl@c000/cam_sensor_1_2_vana, deferring probe
[    0.411065] arm-smmu 50a0000.kgsl-smmu: \x09non-coherent table walk
[    0.411071] arm-smmu 50a0000.kgsl-smmu: \x09(IDR0.CTTW overridden by FW configuration)
[    0.411075] arm-smmu 50a0000.kgsl-smmu: \x09stream matching with 4 register groups
[    0.411683] arm-smmu: CB 0, FSR 0x0 FAR 0x1b064000b8489 reset
[    0.411704] arm-smmu: CB 1, FSR 0x0 FAR 0x48010400408 reset
[    0.411723] arm-smmu: CB 2, FSR 0x0 FAR 0x81001084620b reset
[    0.411743] arm-smmu: CB 3, FSR 0x0 FAR 0x23d01b296491 reset
[    0.411761] arm-smmu: CB 4, FSR 0x0 FAR 0x206201410110 reset
[    0.412387] register_client_adhoc:find path.src 161 dest 627
[    0.412491] register_client_adhoc:Client handle 1 apps_smmu
[    0.412619] arm-smmu 15000000.apps-smmu: \x09non-coherent table walk
[    0.412625] arm-smmu 15000000.apps-smmu: \x09(IDR0.CTTW overridden by FW configuration)
[    0.412629] arm-smmu 15000000.apps-smmu: \x09stream matching with 68 register groups
[    0.413506] register_client_adhoc:find path.src 161 dest 627
[    0.413588] register_client_adhoc:Client handle 2 apps_smmu
[    0.413709] register_client_adhoc:find path.src 161 dest 627
[    0.413787] register_client_adhoc:Client handle 3 apps_smmu
[    0.413890] register_client_adhoc:find path.src 22 dest 773
[    0.413934] register_client_adhoc:Client handle 4 mnoc_hf_0_tbu
[    0.414033] register_client_adhoc:find path.src 137 dest 772
[    0.414073] register_client_adhoc:Client handle 5 mnoc_sf_0_tbu
[    0.414149] register_client_adhoc:find path.src 161 dest 627
[    0.414227] register_client_adhoc:Client handle 6 apps_smmu
[    0.414318] register_client_adhoc:find path.src 161 dest 627
[    0.414392] register_client_adhoc:Client handle 7 apps_smmu
[    0.414442] arm-smmu: CB 0, FSR 0x400 FAR 0x7ac003ccee5e reset
[    0.414456] arm-smmu: CB 1, FSR 0x400 FAR 0xe1099073710 reset
[    0.414469] arm-smmu: CB 2, FSR 0x400 FAR 0xff9fc734c122 reset
[    0.414481] arm-smmu: CB 3, FSR 0x0 FAR 0x3b2090292359 reset
[    0.414494] arm-smmu: CB 4, FSR 0x0 FAR 0xcf4c24472771 reset
[    0.414506] arm-smmu: CB 5, FSR 0x0 FAR 0x736b03eba33 reset
[    0.414519] arm-smmu: CB 6, FSR 0x0 FAR 0xc03b5f01051a reset
[    0.414531] arm-smmu: CB 7, FSR 0x0 FAR 0x646711f6e7e8 reset
[    0.414543] arm-smmu: CB 8, FSR 0x0 FAR 0xf81f802c67bf reset
[    0.414556] arm-smmu: CB 9, FSR 0x0 FAR 0x175cdf2fe6e32 reset
[    0.414569] arm-smmu: CB 10, FSR 0x0 FAR 0x1df9dfa90618 reset
[    0.414582] arm-smmu: CB 11, FSR 0x0 FAR 0x1f8017f7e0fd3 reset
[    0.414594] arm-smmu: CB 12, FSR 0x0 FAR 0x1fff12e2cff25 reset
[    0.414606] arm-smmu: CB 13, FSR 0x0 FAR 0x1c371f6f06fe reset
[    0.414619] arm-smmu: CB 14, FSR 0x0 FAR 0xf8a30017034c reset
[    0.414632] arm-smmu: CB 15, FSR 0x0 FAR 0x4313387e7f9f reset
[    0.414644] arm-smmu: CB 16, FSR 0x0 FAR 0x3d41091f41ff reset
[    0.414657] arm-smmu: CB 17, FSR 0x0 FAR 0xa5e0718eff0d reset
[    0.414669] arm-smmu: CB 18, FSR 0x0 FAR 0xfff0f98f46c7 reset
[    0.414682] arm-smmu: CB 19, FSR 0x0 FAR 0x81783fe7b8e0 reset
[    0.414695] arm-smmu: CB 20, FSR 0x0 FAR 0xc67cf0517c13 reset
[    0.414707] arm-smmu: CB 21, FSR 0x0 FAR 0x1299fbbcff717 reset
[    0.414720] arm-smmu: CB 22, FSR 0x0 FAR 0x119df2fc37e4f reset
[    0.414732] arm-smmu: CB 23, FSR 0x0 FAR 0x331f1c0094ff reset
[    0.414745] arm-smmu: CB 24, FSR 0x0 FAR 0xe33fa1023a38 reset
[    0.414758] arm-smmu: CB 25, FSR 0x0 FAR 0x101788e390d95 reset
[    0.414770] arm-smmu: CB 26, FSR 0x0 FAR 0x7eff436fcff8 reset
[    0.414783] arm-smmu: CB 27, FSR 0x0 FAR 0x1fe59307a193e reset
[    0.414795] arm-smmu: CB 28, FSR 0x0 FAR 0x85a7710f0cff reset
[    0.414808] arm-smmu: CB 29, FSR 0x0 FAR 0x77801c189ce1 reset
[    0.414820] arm-smmu: CB 30, FSR 0x0 FAR 0x3fafc00390de reset
[    0.414833] arm-smmu: CB 31, FSR 0x0 FAR 0x12fbf7b270777 reset
[    0.414845] arm-smmu: CB 32, FSR 0x0 FAR 0x18639bdffcee6 reset
[    0.414858] arm-smmu: CB 33, FSR 0x0 FAR 0x11d63e39e1c00 reset
[    0.414870] arm-smmu: CB 34, FSR 0x0 FAR 0x1c3fff03ff313 reset
[    0.414883] arm-smmu: CB 35, FSR 0x0 FAR 0x18611df7ee7f reset
[    0.414895] arm-smmu: CB 36, FSR 0x0 FAR 0x46b0fdff3daf reset
[    0.414908] arm-smmu: CB 37, FSR 0x0 FAR 0x1f7e3d39f1bd reset
[    0.414920] arm-smmu: CB 38, FSR 0x0 FAR 0xff03feff3379 reset
[    0.414932] arm-smmu: CB 39, FSR 0x0 FAR 0xfe4fe71710ff reset
[    0.414945] arm-smmu: CB 40, FSR 0x0 FAR 0x1eb538f73046c reset
[    0.414957] arm-smmu: CB 41, FSR 0x0 FAR 0x8209bffc7dfc reset
[    0.414970] arm-smmu: CB 42, FSR 0x0 FAR 0xb8c0210d3d4e reset
[    0.414983] arm-smmu: CB 43, FSR 0x0 FAR 0x1b5c1c5059d8 reset
[    0.414995] arm-smmu: CB 44, FSR 0x0 FAR 0x1fff3ff266a7e reset
[    0.415007] arm-smmu: CB 45, FSR 0x0 FAR 0x1ffafc3b2128 reset
[    0.415020] arm-smmu: CB 46, FSR 0x0 FAR 0xbbc77c27ff07 reset
[    0.415291] vgaarb: loaded
[    0.415396] qcom,qpnp-misc c440000.qcom,spmi:qcom,pm6150@0:qcom,misc@900: probe successful
[    0.415682] SCSI subsystem initialized
[    0.415723] usbcore: registered new interface driver usbfs
[    0.415733] usbcore: registered new interface driver hub
[    0.415858] usbcore: registered new device driver usb
[    0.416055] usb_phy_generic soc:usb_nop_phy: soc:usb_nop_phy supply vcc not found, using dummy regulator
[    0.416369] xiaomi_touch_probe enter
[    0.416372] xiaomi_touch_parse_dt touch,name:xiaomi-touch
[    0.416405] xiaomi_touch_probe over
[    0.416513] qcom,qpnp-power-on c440000.qcom,spmi:qcom,pm6150@0:qcom,power-on@800: PMIC@SID0 Power-on reason: Triggered from Hard Reset and 'cold' boot
[    0.416534] qcom,qpnp-power-on c440000.qcom,spmi:qcom,pm6150@0:qcom,power-on@800: PMIC@SID0: Power-off reason: Triggered from PS_HOLD (PS_HOLD/MSM Controlled Shutdown)
[    0.416628] input: qpnp_pon as /devices/platform/soc/c440000.qcom,spmi/spmi-0/spmi0-00/c440000.qcom,spmi:qcom,pm6150@0:qcom,power-on@800/input/input0
[    0.417379] qcom,qpnp-power-on c440000.qcom,spmi:qcom,pm6150l@4:qcom,power-on@800: PMIC@SID4 Power-on reason: Triggered from PON1 (Secondary PMIC) and 'cold' boot
[    0.417400] qcom,qpnp-power-on c440000.qcom,spmi:qcom,pm6150l@4:qcom,power-on@800: PMIC@SID4: Power-off reason: Triggered from SOFT (Software)
[    0.417576] media: Linux media interface: v0.10
[    0.417585] Linux video capture interface: v2.00
[    0.417599] pps_core: LinuxPPS API ver. 1 registered
[    0.417602] pps_core: Software ver. 5.3.6 - Copyright 2005-2007 Rodolfo Giometti <giometti@linux.it>
[    0.417607] PTP clock support registered
[    0.421176] EDAC MC: Ver: 3.0.0
[    0.421990] platform soc:qcom,ion:qcom,ion-heap@27: assigned reserved memory node qseecom_region@0x9e400000
[    0.422039] platform soc:qcom,ion:qcom,ion-heap@19: assigned reserved memory node qseecom_ta_region
[    0.422074] platform soc:qcom,ion:qcom,ion-heap@13: assigned reserved memory node sp_region
[    0.422106] platform soc:qcom,ion:qcom,ion-heap@10: assigned reserved memory node secure_display_region
[    0.422197] platform soc:qcom,ion:qcom,ion-heap@22: assigned reserved memory node sdsp_region
[    0.422256] ION heap system created
[    0.422375] ION heap qsecom created at 0x000000009e400000 with size 1400000
[    0.422384] ION heap qsecom_ta created at 0x00000000fe000000 with size 1000000
[    0.422392] ION heap spss created at 0x00000000ff000000 with size 800000
[    0.422402] ION heap secure_display created at 0x00000000f5400000 with size 8c00000
[    0.435202] platform soc:qcom,ion:qcom,ion-heap@14: ion_secure_carveout: creating heap@0x9f800000, size 0x1e00000
[    0.435208] ION heap secure_carveout created
[    0.435227] ION heap secure_heap created
[    0.435241] ION heap adsp created at 0x00000000ff800000 with size 400000
[    0.436108] iommu: Adding device 8c0000.qcom,qupv3_0_geni_se:qcom,iommu_qupv3_0_geni_se_cb to group 0
[    0.436362] iommu: Adding device ac0000.qcom,qupv3_1_geni_se:qcom,iommu_qupv3_1_geni_se_cb to group 1
[    0.436619] iommu: Adding device 626c0000.qcom,qupv3_2_geni_se:qcom,iommu_qupv3_2_geni_se_cb to group 2
[    0.436897] PMIC@SID0: PM6150 v2.0 options: 0, 0, 0, 0
[    0.436982] PMIC@SID4: PM8150L v3.0 options: 0, 0, 0, 0
[    0.437720] register_client_adhoc:find path.src 90 dest 512
[    0.437913] register_client_adhoc:find path.src 90 dest 585
[    0.437991] register_client_adhoc:find path.src 1 dest 676
[    0.438122] register_client_adhoc:find path.src 143 dest 777
[    0.438160] register_client_adhoc:Client handle 8 ipa
[    0.440348] ipa ipa3_smp2p_probe:7811 fail to get smp2p clk resp bit -517
[    0.440784] iommu: Adding device soc:ipa_smmu_ap to group 3
[    0.441032] iommu: Adding device soc:ipa_smmu_wlan to group 4
[    0.441217] iommu: Adding device soc:ipa_smmu_uc to group 5
[    0.442224] ipa ipa3_smp2p_probe:7811 fail to get smp2p clk resp bit -517
[    0.443754] Advanced Linux Sound Architecture Driver Initialized.
[    0.444218] Bluetooth: Core ver 2.22
[    0.444258] NET: Registered protocol family 31
[    0.444263] Bluetooth: HCI device and connection manager initialized
[    0.444274] Bluetooth: HCI socket layer initialized
[    0.444283] Bluetooth: L2CAP socket layer initialized
[    0.444309] Bluetooth: SCO socket layer initialized
[    0.444877] NetLabel: Initializing
[    0.444885] NetLabel:  domain hash size = 128
[    0.444891] NetLabel:  protocols = UNLABELED CIPSOv4 CALIPSO
[    0.444951] NetLabel:  unlabeled traffic allowed by default
[    0.445017] pcie:pcie_init.
[    0.451426] register_client_adhoc:find path.src 22 dest 512
[    0.451749] register_client_adhoc:Client handle 9 bus-proxy-client
[    0.453099] LCDB: qpnp_lcdb_regulator_probe: LCDB module successfully registered! lcdb_en=1 ldo_voltage=5500mV ncp_voltage=5500mV bst_voltage=5650mV
[    0.453163] sched-energy energy-costs: cpu=0 eff=1024 [freq=300000 cap=90 power_d0=24] -> [freq=1804800 cap=511 power_d0=178]
[    0.453168] sched-energy energy-costs: cpu=1 eff=1024 [freq=300000 cap=90 power_d0=24] -> [freq=1804800 cap=511 power_d0=178]
[    0.453172] sched-energy energy-costs: cpu=2 eff=1024 [freq=300000 cap=90 power_d0=24] -> [freq=1804800 cap=511 power_d0=178]
[    0.453177] sched-energy energy-costs: cpu=3 eff=1024 [freq=300000 cap=90 power_d0=24] -> [freq=1804800 cap=511 power_d0=178]
[    0.453181] sched-energy energy-costs: cpu=4 eff=1024 [freq=300000 cap=90 power_d0=24] -> [freq=1804800 cap=511 power_d0=178]
[    0.453185] sched-energy energy-costs: cpu=5 eff=1024 [freq=300000 cap=90 power_d0=24] -> [freq=1804800 cap=511 power_d0=178]
[    0.453190] sched-energy energy-costs: cpu=6 eff=1740 [freq=300000 cap=153 power_d0=180] -> [freq=2208000 cap=1024 power_d0=2713]
[    0.453195] sched-energy energy-costs: cpu=7 eff=1740 [freq=300000 cap=153 power_d0=180] -> [freq=2208000 cap=1024 power_d0=2713]
[    0.453198] sched-energy energy-costs: Sched-energy-costs capacity updated
[    0.453299] gpu_gx_gdsc: supplied by pm6150_s1_level
[    0.453431] reg-fixed-voltage 0.gpio-regulator: could not find pctldev for node /soc/qcom,spmi@c440000/qcom,pm6150l@4/pinctrl@c000/cam_sensor_dvdd_en, deferring probe
[    0.453464] reg-fixed-voltage 1.gpio-regulator: could not find pctldev for node /soc/qcom,spmi@c440000/qcom,pm6150l@4/pinctrl@c000/cam_sensor_0_vana, deferring probe
[    0.453486] reg-fixed-voltage 2.gpio-regulator: could not find pctldev for node /soc/qcom,spmi@c440000/qcom,pm6150l@4/pinctrl@c000/cam_sensor_1_2_vana, deferring probe
[    0.453529] ipa ipa3_smp2p_probe:7811 fail to get smp2p clk resp bit -517
[    0.453844] clocksource: Switched to clocksource arch_sys_counter
[    0.473005] VFS: Disk quotas dquot_6.6.0
[    0.473036] VFS: Dquot-cache hash table entries: 512 (order 0, 4096 bytes)
[    0.473895] mdss_pll_probe: MDSS pll label = MDSS DSI 0 PLL
[    0.473902] mdss_pll_probe: mdss_pll_probe: label=MDSS DSI 0 PLL PLL SSC enabled
[    0.473992] mdss_pll ae94400.qcom,mdss_dsi_pll: Failed to create debugfs directory
[    0.473997] mdss_pll ae94400.qcom,mdss_dsi_pll: Failed to create debugfs directory
[    0.474001] mdss_pll ae94400.qcom,mdss_dsi_pll: Failed to create debugfs directory
[    0.474862] dsi_pll_clock_register_14nm: Registered DSI PLL ndx=0 clocks successfully
[    0.475005] mdss_pll_probe: MDSS pll label = MDSS DP PLL
[    0.476258] rtmm : rtmm mem pool init OK
[    0.476390] rtmm : rtmm reclaim init OK
[    0.476396] rtmm : rtmm compact init OK
[    0.476398] rtmm : rtmm init OK
[    0.476404] ktrace : register ktrace events mm
[    0.476426] ktrace : register ktrace events sched
[    0.476442] ktrace : register ktrace events binder
[    0.476452] ktrace : register ktrace events misc
[    0.476461] ktrace : register ktrace events cpufreq
[    0.476484] ktrace : ktrace events init OK
[    0.476493] ktrace : sched ktrace init OK
[    0.476496] ktrace : ktrace init OK
[    0.476548] NET: Registered protocol family 2
[    0.476734] TCP established hash table entries: 32768 (order: 6, 262144 bytes)
[    0.476783] TCP bind hash table entries: 32768 (order: 8, 1048576 bytes)
[    0.477061] TCP: Hash tables configured (established 32768 bind 32768)
[    0.477130] UDP hash table entries: 2048 (order: 5, 196608 bytes)
[    0.477190] UDP-Lite hash table entries: 2048 (order: 5, 196608 bytes)
[    0.477308] NET: Registered protocol family 1
[    0.477320] PCI: CLS 0 bytes, default 128
[    0.477395] reg-fixed-voltage 0.gpio-regulator: could not find pctldev for node /soc/qcom,spmi@c440000/qcom,pm6150l@4/pinctrl@c000/cam_sensor_dvdd_en, deferring probe
[    0.477431] reg-fixed-voltage 1.gpio-regulator: could not find pctldev for node /soc/qcom,spmi@c440000/qcom,pm6150l@4/pinctrl@c000/cam_sensor_0_vana, deferring probe
[    0.477455] reg-fixed-voltage 2.gpio-regulator: could not find pctldev for node /soc/qcom,spmi@c440000/qcom,pm6150l@4/pinctrl@c000/cam_sensor_1_2_vana, deferring probe
[    0.477506] ipa ipa3_smp2p_probe:7811 fail to get smp2p clk resp bit -517
[    0.477636] Trying to unpack rootfs image as initramfs...
[    0.478004] Freeing initrd memory: 364K
[    0.478940] hw perfevents: enabled with armv8_pmuv3 PMU driver, 7 counters available
[    0.483519] audit: initializing netlink subsys (disabled)
[    0.483635] audit: type=2000 audit(0.479:1): state=initialized audit_enabled=0 res=1
[    0.484484] Initialise system trusted keyrings
[    0.484650] workingset: timestamp_bits=45 max_order=20 bucket_order=0
[    0.485852] Registering sdcardfs 0.1
[    0.485909] fuse init (API version 7.26)
[    0.486049] SELinux:  Registering netfilter hooks
[    0.486212] pfk_ext4 [pfk_ext4_init]: PFK EXT4 inited successfully
[    0.486215] pfk_f2fs [pfk_f2fs_init]: PFK F2FS inited successfully
[    0.486219] pfk [pfk_init]: Driver initialized successfully
[    0.490310] Key type asymmetric registered
[    0.490315] Asymmetric key parser 'x509' registered
[    0.490341] Block layer SCSI generic (bsg) driver version 0.4 loaded (major 240)
[    0.490345] io scheduler noop registered
[    0.490348] io scheduler deadline registered
[    0.490364] io scheduler cfq registered (default)
[    0.490367] io scheduler mq-deadline registered
[    0.490370] io scheduler kyber registered
[    0.496440] iommu: Adding device 800000.qcom,gpi-dma to group 6
[    0.497377] iommu: Adding device a00000.qcom,gpi-dma to group 7
[    0.499947] iommu: Adding device 18800000.qcom,icnss to group 8
[    0.499991] icnss: Recursive recovery allowed for WLAN
[    0.500684] icnss 18800000.qcom,icnss: for wcss_msa0 segments only will be dumped.
[    0.500771] icnss: Platform driver probed successfully
[    0.501762] memshare_child soc:qcom,memshare:qcom,client_1: for memshare_GPS segments only will be dumped.
[    0.501801] memshare_child soc:qcom,memshare:qcom,client_2: for memshare_FTM segments only will be dumped.
[    0.501824] memshare_child soc:qcom,memshare:qcom,client_3: for memshare_DIAG segments only will be dumped.
[    0.501965] register_client_adhoc:find path.src 125 dest 512
[    0.502160] register_client_adhoc:Client handle 10 scm_pas
[    0.502169] minidump-id not found for adsp
[    0.502677] minidump-id not found for cdsp
[    0.502913] register_client_adhoc:find path.src 63 dest 512
[    0.503049] register_client_adhoc:Client handle 11 pil-venus
[    0.503056] minidump-id not found for venus
[    0.503065] subsys-pil-tz aae0000.qcom,venus: for venus segments only will be dumped.
[    0.503081] subsys-pil-tz aae0000.qcom,venus: for md_venus segments only will be dumped.
[    0.503146] minidump-id not found for ipa_fws
[    0.503152] subsys-pil-tz soc:qcom,ipa_fws: for ipa_fws segments only will be dumped.
[    0.503166] subsys-pil-tz soc:qcom,ipa_fws: for md_ipa_fws segments only will be dumped.
[    0.503290] minidump-id not found for a612_zap
[    0.503295] subsys-pil-tz soc:qcom,kgsl-hyp: for a612_zap segments only will be dumped.
[    0.503309] subsys-pil-tz soc:qcom,kgsl-hyp: for md_a612_zap segments only will be dumped.
[    0.505060] smp2p_sleepstate soc:qcom,smp2p_sleepstate: got smp2p-sleepstate-in irq 375
[    0.506636] msm_geni_serial a8c000.qcom,qup_uart: Wakeup byte 0xfd
[    0.506722] msm_geni_serial a8c000.qcom,qup_uart: Serial port0 added.FifoSize 64 is_console0
[    0.507205] a8c000.qcom,qup_uart: ttyHS0 at MMIO 0xa8c000 (irq = 246, base_baud = 0) is a MSM
[    0.507406] msm_geni_serial_init: Driver initialized
[    0.507546] register_client_adhoc:find path.src 1 dest 618
[    0.507691] register_client_adhoc:Client handle 12 msm-rng-noc
[    0.508300] random: crng init done
[    0.508950] diag: MUX: unable to register pcie operations for proc: 0, err: -22
[    0.508955] diag: MUX: unable to register PCIe operations, continuing with USB registrations for proc: 0, err: -22
[    0.513097] register_client_adhoc:find path.src 20003 dest 20515
[    0.513165] register_client_adhoc:Client handle 13 disp_rsc_mnoc
[    0.513181] register_client_adhoc:find path.src 20001 dest 20513
[    0.513225] register_client_adhoc:Client handle 14 disp_rsc_llcc
[    0.513240] register_client_adhoc:find path.src 20000 dest 20512
[    0.513285] register_client_adhoc:Client handle 15 disp_rsc_ebi
[    0.513530] [sde_rsc_hw:rsc_hw_init:712]: sde rsc init successfully done
[    0.513571] [sde_rsc:sde_rsc_probe:1614]: sde rsc index:0 probed successfully
[    0.514052] dsi_phy ae94400.qcom,mdss_dsi_phy0: ae94400.qcom,mdss_dsi_phy0 supply gdsc not found, using dummy regulator
[    0.514090] msm-dsi-phy:[dsi_phy_driver_probe] Probe successful for dsi-phy-0
[    0.514412] drm_dsi_ctrl ae94000.qcom,mdss_dsi_ctrl0: ae94000.qcom,mdss_dsi_ctrl0 supply refgen not found, using dummy regulator
[    0.514455] AXI: get_pdata(): Error: Client name not found
[    0.514458] AXI: msm_bus_cl_get_pdata(): client has to provide missing entry for successful registration
[    0.514461] dsi-ctrl:[dsi_ctrl_dev_probe] Probe successful for dsi-ctrl-0
[    0.514729] msm-dsi-display:[dsi_display_parse_te_data] invalid vsync source selection
[    0.514734] OF: graph: no port node found in /soc/qcom,dsi-display
[    0.514756] msm-dsi-panel:[dsi_panel_parse_triggers:1145] [nt36672a video mode dsi shenchao panel] fallback to default te-pin-select
[    0.514777] msm-dsi-panel:[dsi_panel_parse_qsync_caps:1337] [nt36672a video mode dsi shenchao panel] qsync min fps not defined rc:-22
[    0.514780] msm-dsi-panel:[dsi_panel_get:3323] failed to parse qsync features, rc=-22
[    0.514792] msm-dsi-panel:[dsi_panel_parse_reset_sequence:2002] RESET SEQ LENGTH = 24
[    0.514814] msm-dsi-panel:[dsi_panel_parse_misc_features:2052] dsi_panel_parse_misc_features: ulps feature disabled
[    0.514818] msm-dsi-panel:[dsi_panel_parse_misc_features:2058] dsi_panel_parse_misc_features: ulps during suspend feature disabled
[    0.515504] iommu: Adding device ae00000.qcom,mdss_mdp to group 9
[    0.518139] iommu: Adding device 50a0000.qcom,kgsl-iommu:gfx3d_user to group 10
[    0.518390] iommu: Adding device 50a0000.qcom,kgsl-iommu:gfx3d_secure to group 11
[    0.545538] brd: module loaded
[    0.549100] loop: module loaded
[    0.549186] zram: Added device: zram0
[    0.549853] QSEECOM: qseecom_probe: qseecom.qsee_version = 0x1400000
[    0.549866] QSEECOM: qseecom_retrieve_ce_data: Device does not support PFE
[    0.549869] QSEECOM: qseecom_probe: no-clock-support=0x1
[    0.549872] QSEECOM: qseecom_probe: qseecom.qsee_reentrancy_support = 2
[    0.549918] QSEECOM: qseecom_probe: qseecom.whitelist_support = 1
[    0.551165] sm6150-pinctrl 3000000.pinctrl: pin_config_group_set op failed for group 85
[    0.551172] ant_check soc:ant_check: Error applying setting, reverse things back
[    0.551186] Macle ant_probe
[    0.551192] Macle irq_gpio=85
[    0.551232] input: ant_check-input as /devices/virtual/input/input1
[    0.551247] ant_probe: gpios = 85, gpion=0
[    0.551251] Macle irq = 174
[    0.551601] genirq: irq_chip msmgpio-dc did not update eff. affinity mask of irq 174
[    0.551635] ant_probe end
[    0.551842] simtray_probe enter
[    0.552120] iommu: Adding device 1de0000.qcedev to group 12
[    0.552209] register_client_adhoc:find path.src 125 dest 512
[    0.552399] register_client_adhoc:Client handle 16 qcedev-noc
[    0.552604] QCE50: __qce_get_device_tree_data: CE operating frequency is not defined, setting to default 100MHZ
[    0.553407] qce 1de0000.qcedev: QTI Crypto 5.4.1 device found @0x1de0000
[    0.553526] sps:BAM 0x0000000001dc4000 is registered.
[    0.553622] sps:BAM 0x0000000001dc4000 (va:0xffffff8010180000) enabled: ver:0x27, number of pipes:16
[    0.553739] QCE50: qce_sps_init:  QTI MSM CE-BAM at 0x0000000001dc4000 irq 37
[    0.554585] iommu: Adding device 1de0000.qcrypto to group 13
[    0.554650] register_client_adhoc:find path.src 125 dest 512
[    0.554843] register_client_adhoc:Client handle 17 qcrypto-noc
[    0.555031] QCE50: __qce_get_device_tree_data: CE operating frequency is not defined, setting to default 100MHZ
[    0.555593] qcrypto 1de0000.qcrypto: QTI Crypto 5.4.1 device found @0x1de0000
[    0.555752] QCE50: qce_sps_init:  QTI MSM CE-BAM at 0x0000000001dc4000 irq 37
[    0.556100] qcrypto 1de0000.qcrypto: qcrypto-ecb-aes
[    0.556213] qcrypto 1de0000.qcrypto: qcrypto-cbc-aes
[    0.556321] qcrypto 1de0000.qcrypto: qcrypto-ctr-aes
[    0.556428] qcrypto 1de0000.qcrypto: qcrypto-ecb-des
[    0.556534] qcrypto 1de0000.qcrypto: qcrypto-cbc-des
[    0.556648] qcrypto 1de0000.qcrypto: qcrypto-ecb-3des
[    0.556756] qcrypto 1de0000.qcrypto: qcrypto-cbc-3des
[    0.556864] qcrypto 1de0000.qcrypto: qcrypto-xts-aes
[    0.556973] qcrypto 1de0000.qcrypto: qcrypto-sha1
[    0.557082] qcrypto 1de0000.qcrypto: qcrypto-sha256
[    0.557204] qcrypto 1de0000.qcrypto: qcrypto-aead-hmac-sha1-cbc-aes
[    0.557308] qcrypto 1de0000.qcrypto: qcrypto-aead-hmac-sha1-cbc-des
[    0.557413] qcrypto 1de0000.qcrypto: qcrypto-aead-hmac-sha1-cbc-3des
[    0.557518] qcrypto 1de0000.qcrypto: qcrypto-aead-hmac-sha256-cbc-aes
[    0.557622] qcrypto 1de0000.qcrypto: qcrypto-aead-hmac-sha256-cbc-des
[    0.557727] qcrypto 1de0000.qcrypto: qcrypto-aead-hmac-sha256-cbc-3des
[    0.557834] qcrypto 1de0000.qcrypto: qcrypto-hmac-sha1
[    0.557940] qcrypto 1de0000.qcrypto: qcrypto-hmac-sha256
[    0.558047] qcrypto 1de0000.qcrypto: qcrypto-aes-ccm
[    0.558149] qcrypto 1de0000.qcrypto: qcrypto-rfc4309-aes-ccm
[    0.558547] qcom_ice_get_device_tree_data: No vdd-hba-supply regulator, assuming not needed
[    0.559078] SCSI Media Changer driver v0.25 
[    0.559737] Ethernet Channel Bonding Driver: v3.7.1 (April 27, 2011)
[    0.560358] libphy: Fixed MDIO Bus: probed
[    0.560411] tun: Universal TUN/TAP device driver, 1.6
[    0.560437] sky2: driver version 1.30
[    0.560729] PPP generic driver version 2.4.2
[    0.560752] PPP BSD Compression module registered
[    0.560755] PPP Deflate Compression module registered
[    0.560773] PPP MPPE Compression module registered
[    0.560776] NET: Registered protocol family 24
[    0.560784] PPTP driver version 0.8.5
[    0.561021] CLD80211: Initializing
[    0.561061] usbcore: registered new interface driver asix
[    0.561088] usbcore: registered new interface driver ax88179_178a
[    0.561096] usbcore: registered new interface driver cdc_ether
[    0.561103] usbcore: registered new interface driver net1080
[    0.561110] usbcore: registered new interface driver cdc_subset
[    0.561117] usbcore: registered new interface driver zaurus
[    0.561129] usbcore: registered new interface driver cdc_ncm
[    0.563961] msm_sharedmem: msm_sharedmem_probe: Device created for client 'rmtfs'
[    0.564747] msm-qusb-phy 88e2000.qusb: 88e2000.qusb supply USB3_GDSC not found, using dummy regulator
[    0.564954] msm-qusb-phy 88e3000.qusb: 88e3000.qusb supply USB3_GDSC not found, using dummy regulator
[    0.565841] iommu: Adding device a600000.ssusb to group 14
[    0.567393] dwc3 a600000.dwc3: changing max_speed on rev 00000000
[    0.568826] register_client_adhoc:find path.src 61 dest 512
[    0.569021] register_client_adhoc:find path.src 61 dest 676
[    0.569134] register_client_adhoc:find path.src 1 dest 583
[    0.569258] register_client_adhoc:Client handle 18 usb0
[    0.571154] ehci_hcd: USB 2.0 'Enhanced' Host Controller (EHCI) Driver
[    0.571163] ehci-pci: EHCI PCI platform driver
[    0.571173] ehci-platform: EHCI generic platform driver
[    0.571389] ohci_hcd: USB 1.1 'Open' Host Controller (OHCI) Driver
[    0.571404] ohci-pci: OHCI PCI platform driver
[    0.571422] ohci-platform: OHCI generic platform driver
[    0.571864] usbcore: registered new interface driver usb-storage
[    0.571875] usbcore: registered new interface driver usb_ehset_test
[    0.571883] usbcore: registered new interface driver lvs
[    0.572878] qpnp-pdphy c440000.qcom,spmi:qcom,pm6150@0:qcom,usb-pdphy@1700: usbpd_create failed: -517
[    0.573292] [NVT-ts] nvt_driver_init 2316: start
[    0.573298] [NVT-ts] nvt_driver_init 2323: LCM is right! [Vendor]shenchao [IC] nt36672a
[    0.573308] nvt_driver_init: finished
[    0.573311] [FTS][Error]LCM is right! [Vendor]shenchao [IC] nt36672a\x0a
[    0.573315] ctp_selftest_init
[    0.573420] create_proc_entry g_ctp_selftest_proc success
[    0.573763] fpc1020 soc:fpc1020: found pin control fpc1020_reset_reset
[    0.573768] fpc1020 soc:fpc1020: found pin control fpc1020_reset_active
[    0.573771] fpc1020 soc:fpc1020: found pin control fpc1020_irq_active
[    0.584557] fpc1020 soc:fpc1020: IRQ after reset 93=1
[    0.584564] fpc1020 Create proc entry success!
[    0.584565] fpc1020 soc:fpc1020: fpc1020_probe: ok
[    0.584622] fpc1020_init OK
[    0.584626] gf_spi:  hml gf_init failed as fpsensor = 1(2=gdx)
[    0.584882] qcom,qpnp-rtc c440000.qcom,spmi:qcom,pm6150@0:qcom,pm6150_rtc: rtc core: registered qpnp_rtc as rtc0
[    0.585148] i2c /dev entries driver
[    0.585944] i2c_geni 884000.i2c: Bus frequency not specified, default to 400KHz.
[    0.586404] [NVT-ts] nvt_ts_probe 1541: start
[    0.586411] [NVT-ts] nvt_parse_dt 784: novatek,irq-gpio=89
[    0.700621] [NVT-ts] nvt_ts_check_chip_ver_trim 1183: buf[1]=0x0A, buf[2]=0x00, buf[3]=0x00, buf[4]=0x72, buf[5]=0x66, buf[6]=0x03
[    0.700631] [NVT-ts] nvt_ts_check_chip_ver_trim 1209: This is NVT touch IC
[    0.771633] [NVT-ts] nvt_read_pid 430: PID=5916
[    0.771968] input: NVTCapacitiveTouchScreen as /devices/virtual/input/input2
[    0.772021] [NVT-ts] nvt_ts_probe 1699: int_trigger_type=1
[    0.772255] [NVT-ts] nvt_ts_probe 1711: request irq 182 succeed
[    0.772584] [LCT_TP_GESTURE] init_lct_tp_gesture (line 77): Initialization tp_gesture node!
[    0.772599] [LCT_TP_GESTURE] lct_creat_proc_tp_entry (line 107): /proc/tp_gesture is okay!
[    0.772606] [LCT_TP_GRIP_AREA] init_lct_tp_grip_area (line 79): Initialization /proc/tp_grip_area node!
[    0.772614] [LCT_TP_GRIP_AREA] init_lct_tp_grip_area (line 95): /proc/tp_grip_area is okay!
[    0.772621] [NVT-ts] nvt_get_oem_data 607: ++
[    0.850313] [NVT-ts] Init_BootLoader 345: Init OK 
[    0.920070] [NVT-ts] Resume_PD 188: Resume PD OK
[    1.060428] [NVT-ts] nvt_get_oem_data 714: --
[    1.060438] [NVT-ts] nvt_get_xiaomi_lockdown_info 731: The maker of Touch Panel & CG Lamination: 0xFF
[    1.060444] [NVT-ts] nvt_get_xiaomi_lockdown_info 733: Display maker: 0xFF
[    1.060450] [NVT-ts] nvt_get_xiaomi_lockdown_info 735: CG ink color: 0xFF
[    1.060456] [NVT-ts] nvt_get_xiaomi_lockdown_info 737: HW version: 0xFF
[    1.060461] [NVT-ts] nvt_get_xiaomi_lockdown_info 739: Project ID: 0x00FF
[    1.060467] [NVT-ts] nvt_get_xiaomi_lockdown_info 741: CG maker: 0xFF
[    1.060473] [NVT-ts] nvt_get_xiaomi_lockdown_info 743: Reservation byte: 0xFF
[    1.060479] [NVT-ts] lct_nvt_tp_info_node_init (line 759): LCM information : nt36672a video mode dsi shenchao panel
[    1.060488] [LCT_TP_INFO] init_lct_tp_info (line 83): Initialization tp_info & tp_lockdown_info node!
[    1.060505] [LCT_TP_INFO] lct_creat_proc_tp_entry (line 134): /proc/tp_info & /proc/tp_lockdown_info is okay!
[    1.060522] [LCT_TP_INFO] lct_creat_sys_tp_entry (line 204): /sys/android_tp/tp_info & tp_lockdown_info is okay!
[    1.060530] [NVT-ts] nvt_flash_proc_init 646: Succeeded!
[    1.060536] [NVT-ts] nvt_flash_proc_init 649: ============================================================
[    1.060541] [NVT-ts] nvt_flash_proc_init 650: Create /proc/NVTflash
[    1.060547] [NVT-ts] nvt_flash_proc_init 651: ============================================================
[    1.060555] [NVT-ts] nvt_extra_proc_init 800: create proc/nvt_fw_version Succeeded!
[    1.060564] [NVT-ts] nvt_extra_proc_init 808: create proc/nvt_baseline Succeeded!
[    1.060571] [NVT-ts] nvt_extra_proc_init 816: create proc/nvt_raw Succeeded!
[    1.060581] [NVT-ts] nvt_extra_proc_init 824: create proc/nvt_diff Succeeded!
[    1.060587] lct_ctp_selftest_int
[    1.060610] [NVT-ts] nvt_mp_proc_init 2068: create /proc/nvt_selftest Succeeded!
[    1.060644] [NVT-ts] nvt_init_touchmode_data 1302: ENTER
[    1.060652] [NVT-ts] nvt_init_touchmode_data 1352: mode:0, set cur:0, get cur:0, def:0 min:0 max:1
[    1.060658] [NVT-ts] nvt_init_touchmode_data 1352: mode:1, set cur:0, get cur:0, def:1 min:0 max:1
[    1.060665] [NVT-ts] nvt_init_touchmode_data 1352: mode:2, set cur:0, get cur:0, def:0 min:35 max:50
[    1.060671] [NVT-ts] nvt_init_touchmode_data 1352: mode:3, set cur:0, get cur:0, def:112 min:64 max:255
[    1.060678] [NVT-ts] nvt_init_touchmode_data 1352: mode:4, set cur:0, get cur:0, def:0 min:0 max:0
[    1.060684] [NVT-ts] nvt_init_touchmode_data 1352: mode:5, set cur:0, get cur:0, def:0 min:0 max:0
[    1.060690] [NVT-ts] nvt_init_touchmode_data 1352: mode:6, set cur:0, get cur:0, def:0 min:0 max:0
[    1.060696] [NVT-ts] nvt_init_touchmode_data 1352: mode:7, set cur:2, get cur:2, def:2 min:0 max:3
[    1.060702] [NVT-ts] nvt_init_touchmode_data 1352: mode:8, set cur:0, get cur:0, def:0 min:0 max:3
[    1.060708] [NVT-ts] nvt_init_touchmode_data 1352: mode:9, set cur:0, get cur:0, def:0 min:0 max:0
[    1.060714] xiaomitouch_register_modedata
[    1.060720] [NVT-ts] nvt_ts_probe 1833: end
[    1.061286] i2c_geni 88c000.i2c: Bus frequency not specified, default to 400KHz.
[    1.062232] i2c_geni a80000.i2c: Bus frequency not specified, default to 400KHz.
[    1.063278] IR NEC protocol handler initialized
[    1.063285] IR RC5(x/sz) protocol handler initialized
[    1.063291] IR RC6 protocol handler initialized
[    1.063296] IR JVC protocol handler initialized
[    1.063301] IR Sony protocol handler initialized
[    1.063307] IR SANYO protocol handler initialized
[    1.063312] IR Sharp protocol handler initialized
[    1.063317] IR MCE Keyboard/mouse protocol handler initialized
[    1.063322] IR XMP protocol handler initialized
[    1.067070] iommu: Adding device aa00000.qcom,vidc:non_secure_cb to group 15
[    1.067715] iommu: Adding device aa00000.qcom,vidc:secure_bitstream_cb to group 16
[    1.069168] iommu: Adding device aa00000.qcom,vidc:secure_pixel_cb to group 17
[    1.070321] iommu: Adding device aa00000.qcom,vidc:secure_non_pixel_cb to group 18
[    1.074187] iommu: Adding device soc:qcom,cam_smmu:msm_cam_smmu_ife to group 19
[    1.074466] iommu: Adding device soc:qcom,cam_smmu:msm_cam_smmu_lrme to group 20
[    1.074706] iommu: Adding device soc:qcom,cam_smmu:msm_cam_smmu_jpeg to group 21
[    1.074777] platform soc:qcom,cam_smmu:msm_cam_icp_fw: assigned reserved memory node camera_region@8ab00000
[    1.075161] iommu: Adding device soc:qcom,cam_smmu:msm_cam_smmu_icp to group 22
[    1.075403] iommu: Adding device soc:qcom,cam_smmu:msm_cam_smmu_cpas_cdm to group 23
[    1.076859] register_client_adhoc:find path.src 1 dest 589
[    1.077212] register_client_adhoc:Client handle 18 cam_ahb
[    1.077450] register_client_adhoc:find path.src 136 dest 512
[    1.077704] register_client_adhoc:Client handle 19 cam_hf_1_mnoc
[    1.077910] register_client_adhoc:find path.src 146 dest 778
[    1.077971] register_client_adhoc:Client handle 20 cam_hf_1_camnoc
[    1.078123] register_client_adhoc:find path.src 145 dest 512
[    1.078374] register_client_adhoc:Client handle 21 cam_hf_2_mnoc
[    1.078567] register_client_adhoc:find path.src 147 dest 778
[    1.078631] register_client_adhoc:Client handle 22 cam_hf_2_camnoc
[    1.078777] register_client_adhoc:find path.src 137 dest 512
[    1.079026] register_client_adhoc:Client handle 23 cam_sf_1_mnoc
[    1.079199] register_client_adhoc:find path.src 148 dest 778
[    1.079259] register_client_adhoc:Client handle 24 cam_sf_1_camnoc
[    1.084283] CAM_INFO: CAM-CPAS: cam_cpas_hw_start: 1021 AXI client=[13][cpas-cdm][0] comp[1024], comp_ab[1024], uncomp[1024]
[    1.088477] CAM_WARN: CAM-ISP: cam_vfe_top_ver2_init: 887 Invalid mux type: 0
[    1.088489] CAM_WARN: CAM-ISP: cam_vfe_top_ver2_init: 887 Invalid mux type: 0
[    1.088524] CAM_ERR: CAM-ISP: cam_vfe_bus_rd_ver1_init: 1082 Inval_prms soc_info:ffffffc3af9ad088 hw_intf:ffffffc3b056a100 hw_info0000000000000000
[    1.088531] CAM_ERR: CAM-ISP: cam_vfe_bus_rd_ver1_init: 1083 controller: ffffffc3af9a4c00
[    1.088538] CAM_ERR: CAM-ISP: cam_vfe_core_init: 864 Error! RD cam_vfe_bus_init failed
[    1.088741] CAM_INFO: CAM-CPAS: cam_cpas_hw_start: 1021 AXI client=[7][ife][0] comp[10640000000], comp_ab[10640000000], uncomp[10640000000]
[    1.090812] CAM_WARN: CAM-ISP: cam_vfe_top_ver2_init: 887 Invalid mux type: 0
[    1.090819] CAM_WARN: CAM-ISP: cam_vfe_top_ver2_init: 887 Invalid mux type: 0
[    1.090852] CAM_ERR: CAM-ISP: cam_vfe_bus_rd_ver1_init: 1082 Inval_prms soc_info:ffffffc3af9ab088 hw_intf:ffffffc3b0789400 hw_info0000000000000000
[    1.090858] CAM_ERR: CAM-ISP: cam_vfe_bus_rd_ver1_init: 1083 controller: ffffffc3af9a5900
[    1.090864] CAM_ERR: CAM-ISP: cam_vfe_core_init: 864 Error! RD cam_vfe_bus_init failed
[    1.091044] CAM_INFO: CAM-CPAS: cam_cpas_hw_start: 1021 AXI client=[8][ife][1] comp[10640000000], comp_ab[10640000000], uncomp[10640000000]
[    1.092779] CAM_ERR: CAM-UTIL: cam_soc_util_get_option_clk_by_name: 525 No clk named ife_dsp_clk found. Dev vfe2
[    1.092787] CAM_WARN: CAM-ISP: cam_vfe_init_soc_resources: 109 Option clk get failed with rc -14
[    1.092962] CAM_WARN: CAM-ISP: cam_vfe_top_ver2_init: 887 Invalid mux type: 0
[    1.092969] CAM_WARN: CAM-ISP: cam_vfe_top_ver2_init: 887 Invalid mux type: 0
[    1.093160] CAM_INFO: CAM-CPAS: cam_cpas_hw_start: 1021 AXI client=[9][ife][2] comp[10640000000], comp_ab[10640000000], uncomp[10640000000]
[    1.096299] CAM_INFO: CAM-ISP: cam_isp_dev_probe: 171 Camera ISP probe complete
[    1.098654] CAM_INFO: CAM: cam_res_mgr_probe: 689 Disable shared gpio support.
[    1.100572] CAM_INFO: CAM-CCI: cam_cci_platform_probe: 429 Device Type :0
[    1.102604] CAM_INFO: CAM-ACTUATOR: cam_actuator_parse_dt: 69 No GPIO found
[    1.102655] CAM_INFO: CAM-ACTUATOR: cam_actuator_parse_dt: 69 No GPIO found
[    1.113244] CAM_INFO: CAM-JPEG: cam_jpeg_dev_probe: 170 Camera JPEG probe complete
[    1.115817] CAM_INFO: CAM-CPAS: cam_cpas_hw_start: 1021 AXI client=[18][lrmecpas][0] comp[7200000], comp_ab[7200000], uncomp[7200000]
[    1.116551] CAM_INFO: CAM-CPAS: cam_cpas_hw_start: 1021 AXI client=[12][cam-cdm-intf][0] comp[1024], comp_ab[1024], uncomp[1024]
[    1.118537] usbcore: registered new interface driver uvcvideo
[    1.118544] USB Video Class driver (1.1.1)
[    1.119976] Couldn't parse device tree rc=-517
[    1.136534] device-mapper: uevent: version 1.0.3
[    1.136676] device-mapper: ioctl: 4.37.0-ioctl (2017-09-20) initialised: dm-devel@redhat.com
[    1.137105] bt_dt_parse_vreg_info: qca,bt-vdd-vl: is not provided in device tree
[    1.137114] bt_dt_parse_vreg_info: qca,bt-vdd-vm: is not provided in device tree
[    1.137120] bt_dt_parse_vreg_info: qca,bt-vdd-5c: is not provided in device tree
[    1.137126] bt_dt_parse_vreg_info: qca,bt-vdd-5a: is not provided in device tree
[    1.137133] bt_dt_parse_vreg_info: qca,bt-vdd-vh: is not provided in device tree
[    1.137139] bt_dt_parse_vreg_info: qca,bt-vdd-io: is not provided in device tree
[    1.137145] bt_dt_parse_vreg_info: qca,bt-vdd-xtal: is not provided in device tree
[    1.137161] bt_dt_parse_vreg_info: qca,bt-chip-pwd: is not provided in device tree
[    1.137167] bt_power_populate_dt_pinfo: bt-reset-gpio not provided in device tree
[    1.137174] bt_dt_parse_clk_info: clocks is not provided in device tree
[    1.137179] bt_power_populate_dt_pinfo: clock not provided in device tree
[    1.138049] EDAC DEVICE0: Giving out device to module soc:kryo-erp controller cache: DEV soc:kryo-erp (INTERRUPT)
[    1.139327] sdhci: Secure Digital Host Controller Interface driver
[    1.139335] sdhci: Copyright(c) Pierre Ossman
[    1.139340] sdhci-pltfm: SDHCI platform and OF driver helper
[    1.140225] qcom_ice_get_pdevice: found ice device ffffffc3b0b46400
[    1.140233] qcom_ice_get_pdevice: matching platform device ffffffc3b58d5800
[    1.140774] qpnp_vibrator_ldo_probe: Vibrator LDO successfully registered: uV = 2800000, overdrive = disabled
[    1.140857] register_client_adhoc:find path.src 78 dest 512
[    1.141316] register_client_adhoc:find path.src 1 dest 606
[    1.141572] register_client_adhoc:Client handle 25 sdhc1
[    1.141742] usbcore: registered new interface driver usbhid
[    1.141752] usbhid: USB HID core driver
[    1.141953] ashmem: initialized
[    1.142333] qcom_ice 7c8000.sdcc1ice: QC ICE 3.1.79 device found @0xffffff8010300000
[    1.142478] ipa_ut ipa_ut_module_init:1043 Loading IPA test module...
[    1.143211] mmc0: SDHCI controller on 7c4000.sdhci [7c4000.sdhci] using 64-bit ADMA in CMDQ mode
[    1.219405] mmc0: Out-of-interrupt timeout is 100[ms]
[    1.219414] mmc0: eMMC FW version: 0x30
[    1.219419] mmc0: CMDQ supported: depth: 32
[    1.223196] cmdq_host_alloc_tdl: desc_size: 1024 data_sz: 63488 slot-sz: 32
[    1.223482] mmc0: CMDQ enabled on card
[    1.223498] mmc0: new HS400 Enhanced strobe MMC card at address 0001
[    1.224057] sdhci_msm_pm_qos_cpu_init (): voted for group #0 (mask=0x3f) latency=-1
[    1.224065] sdhci_msm_pm_qos_cpu_init (): voted for group #1 (mask=0xc0) latency=-1
[    1.224179] mmcblk0: mmc0:0001 hC8aP> 58.2 GiB 
[    1.224489] mmcblk0rpmb: mmc0:0001 hC8aP> partition 3 16.0 MiB
[    1.226282] mmcblk0: p1 p2 p3 p4 p5 p6 p7 p8 p9 p10 p11 p12 p13 p14 p15 p16 p17 p18 p19 p20 p21 p22 p23 p24 p25 p26 p27 p28 p29 p30 p31 p32 p33 p34 p35 p36 p37 p38 p39 p40 p41 p42 p43 p44 p45 p46 p47 p48 p49 p50 p51 p52 p53 p54 p55 p56 p57 p58 p59 p60 p61 p62 p63 p64 p65 p66 p67 p68 p69 p70 p71 p72 p73 p74 p75 p76 p77 p78 p79 p80 p81 p82 p83 p84 p85 p86 p88
[    1.229844] mmc_ffu start,mid:0x90,name:hC8aP>,
[    1.229851] ll-emmc fw_version misstach 48
[    1.229859] jade emmc fw_version misstach
[    1.229864] samsung emmc fw_version misstach
[    1.229869] samsung emmc fw_version misstach
[    1.229873] mmc_ffu end
[    1.230822] sdhci_msm 8804000.sdhci: sdhci_msm_probe: ICE device is not enabled
[    1.231268] register_client_adhoc:find path.src 81 dest 512
[    1.231737] register_client_adhoc:find path.src 1 dest 608
[    1.232001] register_client_adhoc:Client handle 26 sdhc2
[    1.244016] mmc1: SDHCI controller on 8804000.sdhci [8804000.sdhci] using 64-bit ADMA in legacy mode
[    1.273936] bimc-bwmon 90b6300.qcom,cpu-cpu-llcc-bwmon: BW HWmon governor registered.
[    1.274036] bimc-bwmon 90cd000.qcom,cpu-llcc-ddr-bwmon: BW HWmon governor registered.
[    1.274917] arm-memlat-mon soc:qcom,cpu0-cpu-l3-latmon: Memory Latency governor registered.
[    1.274968] arm-memlat-mon soc:qcom,cpu6-cpu-l3-latmon: Memory Latency governor registered.
[    1.275018] arm-memlat-mon soc:qcom,cpu0-cpu-llcc-latmon: Memory Latency governor registered.
[    1.275064] arm-memlat-mon soc:qcom,cpu6-cpu-llcc-latmon: Memory Latency governor registered.
[    1.275117] arm-memlat-mon soc:qcom,cpu0-llcc-ddr-latmon: Memory Latency governor registered.
[    1.275161] arm-memlat-mon soc:qcom,cpu6-llcc-ddr-latmon: Memory Latency governor registered.
[    1.275208] arm-memlat-mon soc:qcom,cpu0-computemon: Compute governor registered.
[    1.275249] arm-memlat-mon soc:qcom,cpu6-computemon: Compute governor registered.
[    1.276843] register_client_adhoc:find path.src 1 dest 770
[    1.276996] register_client_adhoc:Client handle 27 soc:qcom,cpu-cpu-llcc-bw
[    1.277843] register_client_adhoc:find path.src 129 dest 512
[    1.277939] register_client_adhoc:Client handle 28 soc:qcom,cpu-llcc-ddr-bw
[    1.278834] register_client_adhoc:find path.src 1 dest 770
[    1.278922] register_client_adhoc:Client handle 29 soc:qcom,cpu0-cpu-llcc-lat
[    1.279377] register_client_adhoc:find path.src 1 dest 770
[    1.279460] register_client_adhoc:Client handle 30 soc:qcom,cpu6-cpu-llcc-lat
[    1.279956] register_client_adhoc:find path.src 129 dest 512
[    1.280117] register_client_adhoc:Client handle 31 soc:qcom,cpu0-llcc-ddr-lat
[    1.280623] register_client_adhoc:find path.src 129 dest 512
[    1.280710] register_client_adhoc:Client handle 32 soc:qcom,cpu6-llcc-ddr-lat
[    1.281315] register_client_adhoc:find path.src 129 dest 512
[    1.281395] register_client_adhoc:Client handle 33 soc:qcom,cpu0-cpu-ddr-latfloor
[    1.281895] register_client_adhoc:find path.src 129 dest 512
[    1.281975] register_client_adhoc:Client handle 34 soc:qcom,cpu6-cpu-ddr-latfloor
[    1.282264] register_client_adhoc:find path.src 1 dest 627
[    1.282534] register_client_adhoc:Client handle 35 soc:qcom,snoc_cnoc_keepalive
[    1.283229] register_client_adhoc:find path.src 26 dest 512
[    1.283400] register_client_adhoc:Client handle 36 soc:qcom,gpubw
[    1.287100] qcom-llcc-pmu 90cc000.llcc-pmu: Registered llcc_pmu, type: 8
[    1.288281] usbcore: registered new interface driver snd-usb-audio
[    1.288485] iommu: Adding device soc:usb_audio_qmi_dev to group 24
[    1.289968] tas2563 3-004c: tas2563_i2c_probe enter
[    1.290065] tas2563 3-004c: ti,asi-format=0
[    1.290072] tas2563 3-004c: ti,reset-gpio=22
[    1.290077] tas2563 3-004c: ti,irq-gpio=117
[    1.290080] tas2563 3-004c: ti,left-slot=0
[    1.290083] tas2563 3-004c: ti,right-slot=1
[    1.290086] tas2563 3-004c: ti,imon-slot-no=0
[    1.290089] tas2563 3-004c: ti,vmon-slot-no=2
[    1.330047] tas2563 3-004c: tas2563_change_book_page, 66
[    1.330487] tas2563 3-004c: tas2563_dev_write: BOOK:PAGE:REG 0:0:1, VAL: 0x01
[    1.350071] tas2563 3-004c: tas2563_change_book_page, 66
[    1.350296] tas2563 3-004c: tas2563_dev_read: BOOK:PAGE:REG 0:0:125,10
[    1.350299] tas2563 3-004c: PGID: 16
[    1.350317] tas2563 3-004c: irq = 222
[    1.350509] tas2563 3-004c: tas2563_register_codec, enter
[    1.350560] tas2563 3-004c: tas2563_register_misc, leave
[    1.350567] tas2563 3-004c: tiload_driver_init
[    1.350589] tas2563 3-004c: allocated Major Number: 498
[    1.350622] tas2563 3-004c: Registered TiLoad driver, Major number: 498
[    1.350998] GACT probability NOT on
[    1.351013] Mirror/redirect action on
[    1.351025] u32 classifier
[    1.351030] Actions configured
[    1.351043] Netfilter messages via NETLINK v0.30.
[    1.351178] nf_conntrack version 0.5.0 (16384 buckets, 65536 max)
[    1.351252] ctnetlink v0.93: registering with nfnetlink.
[    1.351490] xt_time: kernel timezone is -0000
[    1.351558] gre: GRE over IPv4 demultiplexor driver
[    1.351564] IPv4 over IPsec tunneling driver
[    1.351847] ip_tables: (C) 2000-2006 Netfilter Core Team
[    1.352369] arp_tables: arp_tables: (C) 2002 David S. Miller
[    1.352454] Initializing XFRM netlink socket
[    1.352489] IPsec XFRM device driver
[    1.352696] NET: Registered protocol family 10
[    1.353410] Segment Routing with IPv6
[    1.353457] mip6: Mobile IPv6
[    1.353472] ip6_tables: (C) 2000-2006 Netfilter Core Team
[    1.354011] sit: IPv6, IPv4 and MPLS over IPv4 tunneling driver
[    1.354425] NET: Registered protocol family 17
[    1.354440] NET: Registered protocol family 15
[    1.354461] bridge: filtering via arp/ip/ip6tables is no longer available by default. Update your scripts to load br_netfilter if you need this.
[    1.354469] Ebtables v2.0 registered
[    1.354590] l2tp_core: L2TP core driver, V2.0
[    1.354601] l2tp_ppp: PPPoL2TP kernel driver, V2.0
[    1.354606] l2tp_ip: L2TP IP encapsulation support (L2TPv3)
[    1.354620] l2tp_netlink: L2TP netlink interface
[    1.354645] l2tp_eth: L2TP ethernet pseudowire support (L2TPv3)
[    1.354651] l2tp_ip6: L2TP IP encapsulation support for IPv6 (L2TPv3)
[    1.354719] sctp: Hash tables configured (bind 128/128)
[    1.355351] camera_ldo: supplied by pm6150l_s8
[    1.355924] camera_vana0_ldo: supplied by pm6150l_bob
[    1.356404] camera_vana1_2_ldo: supplied by pm6150l_bob
[    1.359096] dwc3 a600000.dwc3: changing max_speed on rev 00000000
[    1.363269] sps:BAM 0x000000000a704000 is registered.
[    1.363608] register_client_adhoc:find path.src 61 dest 512
[    1.364012] register_client_adhoc:find path.src 61 dest 676
[    1.364233] register_client_adhoc:find path.src 1 dest 583
[    1.364491] register_client_adhoc:Client handle 37 usb0
[    1.368656] qpnp-pdphy c440000.qcom,spmi:qcom,pm6150@0:qcom,usb-pdphy@1700: usbpd_create failed: -517
[    1.384400] of_batterydata_get_best_profile: 3951184_LC_M6300_ATL4000mAh_FG_averaged_MasterSlave_Apr3th2019 found
[    1.384695] QG-K: qg_batterydata_init: QG Battery-profile loaded, '/dev/qg_battery' created!
[    1.387098] QG-K: qg_determine_pon_soc: using SHUTDOWN_SOC @ PON ocv_uv=4271100uV soc=92
[    1.387345] (NULL device *): hwmon_device_register() is deprecated. Please convert the driver to use hwmon_device_register_with_info().
[    1.388354] QG-K: qpnp_qg_probe: QG initialized! battery_profile=3951184_LC_M6300_ATL4000mAh_FG_averaged_MasterSlave_Apr3th2019 SOC=92 QG_subtype=4
[    1.391170] (NULL device *): hwmon_device_register() is deprecated. Please convert the driver to use hwmon_device_register_with_info().
[    1.391214] enter sysfs create file thermal
[    1.391291] pm6150_charger: typec_attach_detach_irq_handler: IRQ: determine-initial-status
[    1.392230] SCHG-FLASH: schgm_flash_get_vreg_ok: Couldn't read FLASH STATUS_2 rc=-19
[    1.392583] smblib_get_prop_batt_status stat:3 max_voltage:0 chg_done:0
[    1.392680] smblib_get_prop_batt_status stat:3 max_voltage:0 chg_done:0
[    1.393694] smblib_get_prop_batt_status stat:3 max_voltage:0 chg_done:0
[    1.395047] of_batterydata_get_best_profile: 3951184_LC_M6300_ATL4000mAh_FG_averaged_MasterSlave_Apr3th2019 found
[    1.395107] pm6150_charger: jeita_update_work: Couldn't get Soft Jeita hysteresis thresholds rc=-22
[    1.395537] smblib_get_prop_batt_status stat:3 max_voltage:0 chg_done:0
[    1.395623] QCOM-BATT: handle_settled_icl_change: total_current_ua = 100000, main_settled_ua = 100000, main_limited = 1
[    1.401137] SMB5 status - usb:present=1 type=0 batt:present = 1 health = 1 charge = 3
[    1.401164] QPNP SMB5 probed successfully
[    1.406365] smblib_get_prop_batt_status stat:3 max_voltage:0 chg_done:0
[    1.409108] smblib_get_prop_batt_status stat:3 max_voltage:0 chg_done:0
[    1.409206] smblib_get_prop_batt_status stat:3 max_voltage:0 chg_done:0
[    1.409355] QCOM-BATT: handle_settled_icl_change: total_current_ua = 100000, main_settled_ua = 100000, main_limited = 1
[    1.411544] smblib_get_prop_batt_status stat:3 max_voltage:0 chg_done:0
[    1.420299] smblib_set_prop_system_temp_level val=0, chg->system_temp_level=0, LctThermal=0, lct_backlight_off= 0, IsInCall=0 \x0a 
[    1.420304] smblib_set_prop_system_temp_level val=0, chg->system_temp_level=0, LctThermal=0, lct_backlight_off= 0, IsInCall=0 \x0a 
[    1.420650] smblib_get_prop_batt_status stat:3 max_voltage:0 chg_done:0
[    1.420749] smblib_get_prop_batt_status stat:3 max_voltage:0 chg_done:0
[    1.420955] SCHG-FLASH: schgm_flash_get_vreg_ok: Couldn't read FLASH STATUS_2 rc=-19
